Component: ARM Compiler 5.06 update 4 (build 422) Tool: armlink [4d35d2]

==============================================================================

Section Cross References

    stm32f4xx_it.o(i.EXTI15_10_IRQHandler) refers to stm32f4xx_hal_gpio.o(i.HAL_GPIO_EXTI_IRQHandler) for HAL_GPIO_EXTI_IRQHandler
    stm32f4xx_it.o(i.EXTI4_IRQHandler) refers to stm32f4xx_hal_gpio.o(i.HAL_GPIO_EXTI_IRQHandler) for HAL_GPIO_EXTI_IRQHandler
    stm32f4xx_it.o(i.EXTI9_5_IRQHandler) refers to stm32f4xx_hal_gpio.o(i.HAL_GPIO_EXTI_IRQHandler) for HAL_GPIO_EXTI_IRQHandler
    stm32f4xx_it.o(i.I2C1_EV_IRQHandler) refers to stm32f4xx_hal_i2c.o(i.HAL_I2C_EV_IRQHandler) for HAL_I2C_EV_IRQHandler
    stm32f4xx_it.o(i.I2C1_EV_IRQHandler) refers to i2c.o(.bss) for hi2c1
    stm32f4xx_it.o(i.I2C3_EV_IRQHandler) refers to stm32f4xx_hal_i2c.o(i.HAL_I2C_EV_IRQHandler) for HAL_I2C_EV_IRQHandler
    stm32f4xx_it.o(i.I2C3_EV_IRQHandler) refers to i2c.o(.bss) for hi2c3
    stm32f4xx_it.o(i.OTG_FS_IRQHandler) refers to stm32f4xx_hal_pcd.o(i.HAL_PCD_IRQHandler) for HAL_PCD_IRQHandler
    stm32f4xx_it.o(i.OTG_FS_IRQHandler) refers to usbd_conf.o(.bss) for hpcd_USB_OTG_FS
    stm32f4xx_it.o(i.PVD_IRQHandler) refers to stm32f4xx_hal_pwr.o(i.HAL_PWR_PVD_IRQHandler) for HAL_PWR_PVD_IRQHandler
    stm32f4xx_it.o(i.SPI2_IRQHandler) refers to stm32f4xx_hal_spi.o(i.HAL_SPI_IRQHandler) for HAL_SPI_IRQHandler
    stm32f4xx_it.o(i.SPI2_IRQHandler) refers to spi.o(.bss) for hspi2
    stm32f4xx_it.o(i.SysTick_Handler) refers to stm32f4xx_hal.o(i.HAL_IncTick) for HAL_IncTick
    stm32f4xx_it.o(i.SysTick_Handler) refers to stm32f4xx_hal_cortex.o(i.HAL_SYSTICK_IRQHandler) for HAL_SYSTICK_IRQHandler
    stm32f4xx_it.o(i.TIM1_BRK_TIM9_IRQHandler) refers to stm32f4xx_hal_tim.o(i.HAL_TIM_IRQHandler) for HAL_TIM_IRQHandler
    stm32f4xx_it.o(i.TIM1_BRK_TIM9_IRQHandler) refers to tim.o(.bss) for htim1
    stm32f4xx_it.o(i.TIM1_TRG_COM_TIM11_IRQHandler) refers to stm32f4xx_hal_tim.o(i.HAL_TIM_IRQHandler) for HAL_TIM_IRQHandler
    stm32f4xx_it.o(i.TIM1_TRG_COM_TIM11_IRQHandler) refers to tim.o(.bss) for htim1
    stm32f4xx_it.o(i.TIM1_UP_TIM10_IRQHandler) refers to stm32f4xx_hal_tim.o(i.HAL_TIM_IRQHandler) for HAL_TIM_IRQHandler
    stm32f4xx_it.o(i.TIM1_UP_TIM10_IRQHandler) refers to tim.o(.bss) for htim1
    stm32f4xx_it.o(i.TIM2_IRQHandler) refers to stm32f4xx_hal_tim.o(i.HAL_TIM_IRQHandler) for HAL_TIM_IRQHandler
    stm32f4xx_it.o(i.TIM2_IRQHandler) refers to tim.o(.bss) for htim2
    stm32f4xx_it.o(i.TIM3_IRQHandler) refers to stm32f4xx_hal_tim.o(i.HAL_TIM_IRQHandler) for HAL_TIM_IRQHandler
    stm32f4xx_it.o(i.TIM3_IRQHandler) refers to tim.o(.bss) for htim3
    stm32f4xx_it.o(i.TIM4_IRQHandler) refers to stm32f4xx_hal_tim.o(i.HAL_TIM_IRQHandler) for HAL_TIM_IRQHandler
    stm32f4xx_it.o(i.TIM4_IRQHandler) refers to tim.o(.bss) for htim4
    stm32f4xx_it.o(i.TIM5_IRQHandler) refers to stm32f4xx_hal_tim.o(i.HAL_TIM_IRQHandler) for HAL_TIM_IRQHandler
    stm32f4xx_it.o(i.TIM5_IRQHandler) refers to tim.o(.bss) for htim5
    stm32f4xx_it.o(i.TIM6_DAC_IRQHandler) refers to stm32f4xx_hal_tim.o(i.HAL_TIM_IRQHandler) for HAL_TIM_IRQHandler
    stm32f4xx_it.o(i.TIM6_DAC_IRQHandler) refers to tim.o(.bss) for htim6
    stm32f4xx_it.o(i.TIM7_IRQHandler) refers to stm32f4xx_hal_tim.o(i.HAL_TIM_IRQHandler) for HAL_TIM_IRQHandler
    stm32f4xx_it.o(i.TIM7_IRQHandler) refers to tim.o(.bss) for htim7
    stm32f4xx_it.o(i.TIM8_BRK_TIM12_IRQHandler) refers to stm32f4xx_hal_tim.o(i.HAL_TIM_IRQHandler) for HAL_TIM_IRQHandler
    stm32f4xx_it.o(i.TIM8_BRK_TIM12_IRQHandler) refers to tim.o(.bss) for htim8
    stm32f4xx_it.o(i.TIM8_TRG_COM_TIM14_IRQHandler) refers to stm32f4xx_hal_tim.o(i.HAL_TIM_IRQHandler) for HAL_TIM_IRQHandler
    stm32f4xx_it.o(i.TIM8_TRG_COM_TIM14_IRQHandler) refers to tim.o(.bss) for htim8
    stm32f4xx_it.o(i.TIM8_UP_TIM13_IRQHandler) refers to stm32f4xx_hal_tim.o(i.HAL_TIM_IRQHandler) for HAL_TIM_IRQHandler
    stm32f4xx_it.o(i.TIM8_UP_TIM13_IRQHandler) refers to tim.o(.bss) for htim8
    stm32f4xx_it.o(i.UART4_IRQHandler) refers to stm32f4xx_hal_uart.o(i.HAL_UART_IRQHandler) for HAL_UART_IRQHandler
    stm32f4xx_it.o(i.UART4_IRQHandler) refers to usart.o(.bss) for huart4
    stm32f4xx_it.o(i.UART5_IRQHandler) refers to stm32f4xx_hal_uart.o(i.HAL_UART_IRQHandler) for HAL_UART_IRQHandler
    stm32f4xx_it.o(i.UART5_IRQHandler) refers to usart.o(.bss) for huart5
    stm32f4xx_it.o(i.USART1_IRQHandler) refers to stm32f4xx_hal_uart.o(i.HAL_UART_IRQHandler) for HAL_UART_IRQHandler
    stm32f4xx_it.o(i.USART1_IRQHandler) refers to usart.o(.bss) for huart1
    stm32f4xx_it.o(i.USART2_IRQHandler) refers to stm32f4xx_hal_uart.o(i.HAL_UART_IRQHandler) for HAL_UART_IRQHandler
    stm32f4xx_it.o(i.USART2_IRQHandler) refers to usart.o(.bss) for huart2
    stm32f4xx_it.o(i.USART3_IRQHandler) refers to stm32f4xx_hal_uart.o(i.HAL_UART_IRQHandler) for HAL_UART_IRQHandler
    stm32f4xx_it.o(i.USART3_IRQHandler) refers to usart.o(.bss) for huart3
[...]
    UART5_IRQHandler                         0x08004bbd   Thumb Code     6  stm32f4xx_it.o(i.UART5_IRQHandler)
    USART1_IRQHandler                        0x08004f91   Thumb Code     6  stm32f4xx_it.o(i.USART1_IRQHandler)
    USART2_IRQHandler                        0x08004f9d   Thumb Code     6  stm32f4xx_it.o(i.USART2_IRQHandler)
    USART3_IRQHandler                        0x08004fa9   Thumb Code     6  stm32f4xx_it.o(i.USART3_IRQHandler)
    USART6_IRQHandler                        0x08004fb5   Thumb Code     6  stm32f4xx_it.o(i.USART6_IRQHandler)
    USBD_CDC_GetDeviceQualifierDescriptor    0x08005065   Thumb Code     8  usbd_cdc.o(i.USBD_CDC_GetDeviceQualifierDescriptor)
    USBD_CDC_ReceivePacket                   0x0800511d   Thumb Code    40  usbd_cdc.o(i.USBD_CDC_ReceivePacket)
    USBD_CDC_RegisterInterface               0x08005145   Thumb Code    16  usbd_cdc.o(i.USBD_CDC_RegisterInterface)
    USBD_CDC_SetRxBuffer                     0x08005155   Thumb Code    12  usbd_cdc.o(i.USBD_CDC_SetRxBuffer)
    USBD_CDC_SetTxBuffer                     0x08005161   Thumb Code    16  usbd_cdc.o(i.USBD_CDC_SetTxBuffer)
    USBD_CDC_TransmitPacket                  0x080051e1   Thumb Code    48  usbd_cdc.o(i.USBD_CDC_TransmitPacket)
    USBD_ClrClassConfig                      0x08005211   Thumb Code    14  usbd_core.o(i.USBD_ClrClassConfig)
    USBD_CtlContinueRx                       0x0800521f   Thumb Code    16  usbd_ioreq.o(i.USBD_CtlContinueRx)
    USBD_CtlContinueSendData                 0x0800522f   Thumb Code    16  usbd_ioreq.o(i.USBD_CtlContinueSendData)
    USBD_CtlError                            0x0800523f   Thumb Code    22  usbd_ctlreq.o(i.USBD_CtlError)
    USBD_CtlPrepareRx                        0x08005255   Thumb Code    30  usbd_ioreq.o(i.USBD_CtlPrepareRx)
    USBD_CtlReceiveStatus                    0x08005273   Thumb Code    22  usbd_ioreq.o(i.USBD_CtlReceiveStatus)
    USBD_CtlSendData                         0x08005289   Thumb Code    26  usbd_ioreq.o(i.USBD_CtlSendData)
    USBD_CtlSendStatus                       0x080052a3   Thumb Code    22  usbd_ioreq.o(i.USBD_CtlSendStatus)
    USBD_FS_ConfigStrDescriptor              0x080052b9   Thumb Code    16  usbd_desc.o(i.USBD_FS_ConfigStrDescriptor)
    USBD_FS_DeviceDescriptor                 0x080052d9   Thumb Code     8  usbd_desc.o(i.USBD_FS_DeviceDescriptor)
    USBD_FS_InterfaceStrDescriptor           0x080052e5   Thumb Code    16  usbd_desc.o(i.USBD_FS_InterfaceStrDescriptor)
    USBD_FS_LangIDStrDescriptor              0x08005309   Thumb Code     8  usbd_desc.o(i.USBD_FS_LangIDStrDescriptor)
    USBD_FS_ManufacturerStrDescriptor        0x08005315   Thumb Code    16  usbd_desc.o(i.USBD_FS_ManufacturerStrDescriptor)
    USBD_FS_ProductStrDescriptor             0x0800533d   Thumb Code    16  usbd_desc.o(i.USBD_FS_ProductStrDescriptor)
    USBD_FS_SerialStrDescriptor              0x08005369   Thumb Code    16  usbd_desc.o(i.USBD_FS_SerialStrDescriptor)
    USBD_GetString                           0x0800546d   Thumb Code    70  usbd_ctlreq.o(i.USBD_GetString)
    USBD_Init                                0x080054b3   Thumb Code    42  usbd_core.o(i.USBD_Init)
    USBD_LL_ClearStallEP                     0x080054dd   Thumb Code    32  usbd_conf.o(i.USBD_LL_ClearStallEP)
    USBD_LL_CloseEP                          0x080054fd   Thumb Code    32  usbd_conf.o(i.USBD_LL_CloseEP)
    USBD_LL_DataInStage                      0x0800551d   Thumb Code   170  usbd_core.o(i.USBD_LL_DataInStage)
    USBD_LL_DataOutStage                     0x080055c7   Thumb Code   106  usbd_core.o(i.USBD_LL_DataOutStage)
    USBD_LL_DevConnected                     0x08005631   Thumb Code     4  usbd_core.o(i.USBD_LL_DevConnected)
    USBD_LL_DevDisconnected                  0x08005635   Thumb Code    22  usbd_core.o(i.USBD_LL_DevDisconnected)
    USBD_LL_GetRxDataSize                    0x0800564b   Thumb Code     8  usbd_conf.o(i.USBD_LL_GetRxDataSize)
    USBD_LL_Init                             0x08005655   Thumb Code    94  usbd_conf.o(i.USBD_LL_Init)
    USBD_LL_IsStallEP                        0x080056b9   Thumb Code    32  usbd_conf.o(i.USBD_LL_IsStallEP)
    USBD_LL_IsoINIncomplete                  0x080056d9   Thumb Code     4  usbd_core.o(i.USBD_LL_IsoINIncomplete)
    USBD_LL_IsoOUTIncomplete                 0x080056dd   Thumb Code     4  usbd_core.o(i.USBD_LL_IsoOUTIncomplete)
    USBD_LL_OpenEP                           0x080056e1   Thumb Code    38  usbd_conf.o(i.USBD_LL_OpenEP)
    USBD_LL_PrepareReceive                   0x08005707   Thumb Code    32  usbd_conf.o(i.USBD_LL_PrepareReceive)
    USBD_LL_Reset                            0x08005727   Thumb Code    62  usbd_core.o(i.USBD_LL_Reset)
    USBD_LL_Resume                           0x08005765   Thumb Code    12  usbd_core.o(i.USBD_LL_Resume)
    USBD_LL_SOF                              0x08005771   Thumb Code    24  usbd_core.o(i.USBD_LL_SOF)
    USBD_LL_SetSpeed                         0x08005789   Thumb Code     6  usbd_core.o(i.USBD_LL_SetSpeed)
    USBD_LL_SetUSBAddress                    0x0800578f   Thumb Code    32  usbd_conf.o(i.USBD_LL_SetUSBAddress)
    USBD_LL_SetupStage                       0x080057af   Thumb Code    90  usbd_core.o(i.USBD_LL_SetupStage)
    USBD_LL_StallEP                          0x08005809   Thumb Code    32  usbd_conf.o(i.USBD_LL_StallEP)
    USBD_LL_Start                            0x08005829   Thumb Code    32  usbd_conf.o(i.USBD_LL_Start)
    USBD_LL_Suspend                          0x08005849   Thumb Code    18  usbd_core.o(i.USBD_LL_Suspend)
    USBD_LL_Transmit                         0x0800585b   Thumb Code    32  usbd_conf.o(i.USBD_LL_Transmit)
    USBD_ParseSetupRequest                   0x0800587b   Thumb Code    40  usbd_ctlreq.o(i.USBD_ParseSetupRequest)
    USBD_RegisterClass                       0x080058a3   Thumb Code    16  usbd_core.o(i.USBD_RegisterClass)
    USBD_SetClassConfig                      0x080058b3   Thumb Code    22  usbd_core.o(i.USBD_SetClassConfig)
    USBD_Start                               0x0800593d   Thumb Code    10  usbd_core.o(i.USBD_Start)
    USBD_StdDevReq                           0x08005947   Thumb Code   242  usbd_ctlreq.o(i.USBD_StdDevReq)
    USBD_StdEPReq                            0x08005a39   Thumb Code   220  usbd_ctlreq.o(i.USBD_StdEPReq)
    USBD_StdItfReq                           0x08005b15   Thumb Code    52  usbd_ctlreq.o(i.USBD_StdItfReq)
    USB_ActivateEndpoint                     0x08005b49   Thumb Code   122  stm32f4xx_ll_usb.o(i.USB_ActivateEndpoint)
    USB_ActivateSetup                        0x08005bc9   Thumb Code    52  stm32f4xx_ll_usb.o(i.USB_ActivateSetup)
    USB_CoreInit                             0x08005bfd   Thumb Code    96  stm32f4xx_ll_usb.o(i.USB_CoreInit)
    USB_DeactivateEndpoint                   0x08005c99   Thumb Code   110  stm32f4xx_ll_usb.o(i.USB_DeactivateEndpoint)
    USB_DevConnect                           0x08005d07   Thumb Code    24  stm32f4xx_ll_usb.o(i.USB_DevConnect)
    USB_DevDisconnect                        0x08005d1f   Thumb Code    24  stm32f4xx_ll_usb.o(i.USB_DevDisconnect)
    USB_DevInit                              0x08005d39   Thumb Code   306  stm32f4xx_ll_usb.o(i.USB_DevInit)
    USB_DisableGlobalInt                     0x08005e7d   Thumb Code    12  stm32f4xx_ll_usb.o(i.USB_DisableGlobalInt)
    USB_EP0StartXfer                         0x08005e89   Thumb Code   316  stm32f4xx_ll_usb.o(i.USB_EP0StartXfer)
    USB_EP0_OutStart                         0x08005fc9   Thumb Code    62  stm32f4xx_ll_usb.o(i.USB_EP0_OutStart)
    USB_EPClearStall                         0x08006007   Thumb Code   100  stm32f4xx_ll_usb.o(i.USB_EPClearStall)
    USB_EPSetStall                           0x0800606b   Thumb Code    94  stm32f4xx_ll_usb.o(i.USB_EPSetStall)
    USB_EPStartXfer                          0x080060c9   Thumb Code   534  stm32f4xx_ll_usb.o(i.USB_EPStartXfer)
    USB_EnableGlobalInt                      0x080062e5   Thumb Code    12  stm32f4xx_ll_usb.o(i.USB_EnableGlobalInt)
    USB_FlushRxFifo                          0x080062f1   Thumb Code    28  stm32f4xx_ll_usb.o(i.USB_FlushRxFifo)
    USB_FlushTxFifo                          0x08006311   Thumb Code    32  stm32f4xx_ll_usb.o(i.USB_FlushTxFifo)
    USB_GetDevSpeed                          0x08006335   Thumb Code    60  stm32f4xx_ll_usb.o(i.USB_GetDevSpeed)
    USB_GetMode                              0x08006371   Thumb Code     8  stm32f4xx_ll_usb.o(i.USB_GetMode)
    USB_ReadDevAllInEpInterrupt              0x08006379   Thumb Code    14  stm32f4xx_ll_usb.o(i.USB_ReadDevAllInEpInterrupt)
    USB_ReadDevAllOutEpInterrupt             0x08006387   Thumb Code    14  stm32f4xx_ll_usb.o(i.USB_ReadDevAllOutEpInterrupt)
    USB_ReadDevInEPInterrupt                 0x08006395   Thumb Code    30  stm32f4xx_ll_usb.o(i.USB_ReadDevInEPInterrupt)
    USB_ReadDevOutEPInterrupt                0x080063b3   Thumb Code    16  stm32f4xx_ll_usb.o(i.USB_ReadDevOutEPInterrupt)
    USB_ReadInterrupts                       0x080063c3   Thumb Code     8  stm32f4xx_ll_usb.o(i.USB_ReadInterrupts)
    USB_ReadPacket                           0x080063cb   Thumb Code    32  stm32f4xx_ll_usb.o(i.USB_ReadPacket)
    USB_SetCurrentMode                       0x080063eb   Thumb Code    44  stm32f4xx_ll_usb.o(i.USB_SetCurrentMode)
    USB_SetDevAddress                        0x08006417   Thumb Code    34  stm32f4xx_ll_usb.o(i.USB_SetDevAddress)
    USB_WritePacket                          0x08006439   Thumb Code    40  stm32f4xx_ll_usb.o(i.USB_WritePacket)
    UsageFault_Handler                       0x08006461   Thumb Code     2  stm32f4xx_it.o(i.UsageFault_Handler)
    SystemClock_Config()                     0x080064bd   Thumb Code   150  main.o(i._Z18SystemClock_Configv)
    Controller::Control()                    0x0800655d   Thumb Code     2  controller.o(i._ZN10Controller7ControlEv)
    SpinnMotor::Get_SetedRPM()               0x08006561   Thumb Code     8  motor.o(i._ZN10SpinnMotor12Get_SetedRPMEv)
    SpinnMotor::Run()                        0x0800656d   Thumb Code     8  motor.o(i._ZN10SpinnMotor3RunEv)
    SpinnMotor::Stop()                       0x08006579   Thumb Code     8  motor.o(i._ZN10SpinnMotor4StopEv)
    SpinnMotor::Get_RPM()                    0x08006585   Thumb Code     8  motor.o(i._ZN10SpinnMotor7Get_RPMEv)
    SpinnMotor::Set_RPM(short)               0x08006591   Thumb Code    10  motor.o(i._ZN10SpinnMotor7Set_RPMEs)
    MotorsNetwork::Toggle_LED(unsigned char) 0x080065a1   Thumb Code    48  motor.o(i._ZN13MotorsNetwork10Toggle_LEDEh)
    MotorsNetwork::Receive_Ended(UART_HandleTypeDef*) 0x080065d9   Thumb Code    78  motor.o(i._ZN13MotorsNetwork13Receive_EndedEP18UART_HandleTypeDef)
    MotorsNetwork::Transmit_Ended(UART_HandleTypeDef*) 0x0800662d   Thumb Code    46  motor.o(i._ZN13MotorsNetwork14Transmit_EndedEP18UART_HandleTypeDef)
    MotorsNetwork::Run(unsigned char)        0x08006661   Thumb Code    10  motor.o(i._ZN13MotorsNetwork3RunEh)
    MotorsNetwork::Init(UART_HandleTypeDef*, UART_HandleTypeDef*, UART_HandleTypeDef*, UART_HandleTypeDef*, UART_HandleTypeDef*) 0x08006671   Thumb Code    58  motor.o(i._ZN13MotorsNetwork4InitEP18UART_HandleTypeDefS1_S1_S1_S1_)
    MotorsNetwork::Stop(unsigned char)       0x080066c9   Thumb Code    10  motor.o(i._ZN13MotorsNetwork4StopEh)
    MotorsNetwork::Set_RPM(unsigned char, short) 0x080066d9   Thumb Code    10  motor.o(i._ZN13MotorsNetwork7Set_RPMEhs)
    MotorsNetwork::Send_Data(unsigned char)  0x080066e9   Thumb Code    70  motor.o(i._ZN13MotorsNetwork9Send_DataEh)
    RearLeftMotor::Get_SetedRPM()            0x08006739   Thumb Code     8  motor.o(i._ZN13RearLeftMotor12Get_SetedRPMEv)
    RearLeftMotor::Run()                     0x08006745   Thumb Code     8  motor.o(i._ZN13RearLeftMotor3RunEv)
    RearLeftMotor::Stop()                    0x08006751   Thumb Code     8  motor.o(i._ZN13RearLeftMotor4StopEv)
    RearLeftMotor::Get_RPM()                 0x0800675d   Thumb Code     8  motor.o(i._ZN13RearLeftMotor7Get_RPMEv)
    RearLeftMotor::Set_RPM(short)            0x08006769   Thumb Code    10  motor.o(i._ZN13RearLeftMotor7Set_RPMEs)
    FrontLeftMotor::Get_SetedRPM()           0x08006779   Thumb Code     8  motor.o(i._ZN14FrontLeftMotor12Get_SetedRPMEv)
    FrontLeftMotor::Run()                    0x08006785   Thumb Code     8  motor.o(i._ZN14FrontLeftMotor3RunEv)
    FrontLeftMotor::Stop()                   0x08006791   Thumb Code     8  motor.o(i._ZN14FrontLeftMotor4StopEv)
    FrontLeftMotor::Get_RPM()                0x0800679d   Thumb Code     8  motor.o(i._ZN14FrontLeftMotor7Get_RPMEv)
    FrontLeftMotor::Set_RPM(short)           0x080067a9   Thumb Code    10  motor.o(i._ZN14FrontLeftMotor7Set_RPMEs)
    RearRightMotor::Get_SetedRPM()           0x080067b9   Thumb Code     8  motor.o(i._ZN14RearRightMotor12Get_SetedRPMEv)
    RearRightMotor::Run()                    0x080067c5   Thumb Code     8  motor.o(i._ZN14RearRightMotor3RunEv)
    RearRightMotor::Stop()                   0x080067d1   Thumb Code     8  motor.o(i._ZN14RearRightMotor4StopEv)
    RearRightMotor::Get_RPM()                0x080067dd   Thumb Code     8  motor.o(i._ZN14RearRightMotor7Get_RPMEv)
    RearRightMotor::Set_RPM(short)           0x080067e9   Thumb Code    10  motor.o(i._ZN14RearRightMotor7Set_RPMEs)
    FrontRightMotor::Get_SetedRPM()          0x080067f9   Thumb Code     8  motor.o(i._ZN15FrontRightMotor12Get_SetedRPMEv)
    FrontRightMotor::Run()                   0x08006805   Thumb Code     8  motor.o(i._ZN15FrontRightMotor3RunEv)
    FrontRightMotor::Stop()                  0x08006811   Thumb Code     8  motor.o(i._ZN15FrontRightMotor4StopEv)
    FrontRightMotor::Get_RPM()               0x0800681d   Thumb Code     8  motor.o(i._ZN15FrontRightMotor7Get_RPMEv)
    FrontRightMotor::Set_RPM(short)          0x08006829   Thumb Code    10  motor.o(i._ZN15FrontRightMotor7Set_RPMEs)
    IMU::Get_Raw_Wr()                        0x08006839   Thumb Code    30  imu.o(i._ZN3IMU10Get_Raw_WrEv)
    IMU::Set_X_Offset(float)                 0x0800685d   Thumb Code    50  imu.o(i._ZN3IMU12Set_X_OffsetEf)
    IMU::Set_Y_Offset(float)                 0x0800689d   Thumb Code    16  imu.o(i._ZN3IMU12Set_Y_OffsetEf)
    IMU::Read_Finished(I2C_HandleTypeDef*)   0x080068b1   Thumb Code    66  imu.o(i._ZN3IMU13Read_FinishedEP17I2C_HandleTypeDef)
    IMU::Get_X_Velocity()                    0x080068fd   Thumb Code     8  imu.o(i._ZN3IMU14Get_X_VelocityEv)
    IMU::Get_Y_Velocity()                    0x08006909   Thumb Code     8  imu.o(i._ZN3IMU14Get_Y_VelocityEv)
    IMU::Mem_Write_Byte(unsigned char, unsigned char) 0x08006915   Thumb Code    42  imu.o(i._ZN3IMU14Mem_Write_ByteEhh)
    IMU::Is_Device_Ready()                   0x08006949   Thumb Code    26  imu.o(i._ZN3IMU15Is_Device_ReadyEv)
    IMU::Get_X_Acceleration()                0x08006969   Thumb Code    46  imu.o(i._ZN3IMU18Get_X_AccelerationEv)
    IMU::Get_Y_Acceleration()                0x080069a5   Thumb Code    46  imu.o(i._ZN3IMU18Get_Y_AccelerationEv)
    IMU::Get_Raw_X_Acceleration()            0x080069e1   Thumb Code    30  imu.o(i._ZN3IMU22Get_Raw_X_AccelerationEv)
    IMU::Get_Raw_Y_Acceleration()            0x08006a05   Thumb Code    30  imu.o(i._ZN3IMU22Get_Raw_Y_AccelerationEv)
    IMU::Init(I2C_HandleTypeDef*)            0x08006a29   Thumb Code   104  imu.o(i._ZN3IMU4InitEP17I2C_HandleTypeDef)
    IMU::Clear()                             0x08006aed   Thumb Code    28  imu.o(i._ZN3IMU5ClearEv)
    IMU::Calculate()                         0x08006b11   Thumb Code   112  imu.o(i._ZN3IMU9CalculateEv)
    NRF::get_Status()                        0x08006b85   Thumb Code    50  nrf24l01.o(i._ZN3NRF10get_StatusEv)
    NRF::init_milad(char, char, char, char*, char, char, char) 0x08006bb7   Thumb Code   122  nrf24l01.o(i._ZN3NRF10init_miladEcccPcccc)
    NRF::readRegBuf(char, char*, int)        0x08006c31   Thumb Code    74  nrf24l01.o(i._ZN3NRF10readRegBufEcPci)
    NRF::read_RX_Buf(char*, int)             0x08006c7b   Thumb Code    10  nrf24l01.o(i._ZN3NRF11read_RX_BufEPci)
    NRF::set_RX_Pipe(char, char*, int, char) 0x08006c85   Thumb Code    76  nrf24l01.o(i._ZN3NRF11set_RX_PipeEcPcic)
    NRF::writeRegBuf(char, char*, int)       0x08006cd1   Thumb Code    74  nrf24l01.o(i._ZN3NRF11writeRegBufEcPci)
    NRF::write_TX_Buf(char*, int)            0x08006d1b   Thumb Code    10  nrf24l01.o(i._ZN3NRF12write_TX_BufEPci)
    NRF::set_ShockBurst(char)                0x08006d25   Thumb Code    28  nrf24l01.o(i._ZN3NRF14set_ShockBurstEc)
    NRF::set_TX_Address(char*, int)          0x08006d41   Thumb Code    10  nrf24l01.o(i._ZN3NRF14set_TX_AddressEPci)
    NRF::clear_Interrupts()                  0x08006d4b   Thumb Code     8  nrf24l01.o(i._ZN3NRF16clear_InterruptsEv)
    NRF::set_Address_Width(char)             0x08006d53   Thumb Code     8  nrf24l01.o(i._ZN3NRF17set_Address_WidthEc)
    NRF::SPI_L(char)                         0x08006d5b   Thumb Code    28  nrf24l01.o(i._ZN3NRF5SPI_LEc)
    NRF::set_CH(char)                        0x08006d77   Thumb Code    10  nrf24l01.o(i._ZN3NRF6set_CHEc)
    NRF::readReg(char)                       0x08006d81   Thumb Code    52  nrf24l01.o(i._ZN3NRF7readRegEc)
    NRF::flush_RX()                          0x08006db5   Thumb Code    40  nrf24l01.o(i._ZN3NRF8flush_RXEv)
    NRF::flush_TX()                          0x08006ddd   Thumb Code    40  nrf24l01.o(i._ZN3NRF8flush_TXEv)
    NRF::writeReg(char, char)                0x08006e05   Thumb Code    54  nrf24l01.o(i._ZN3NRF8writeRegEcc)
    NRF::clear_All()                         0x08006e3b   Thumb Code    34  nrf24l01.o(i._ZN3NRF9clear_AllEv)
    USB::Log(const char*, ...)               0x08006e5d   Thumb Code    54  usb.o(i._ZN3USB3LogEPKcz)
    USB::Init()                              0x08006ea5   Thumb Code    26  usb.o(i._ZN3USB4InitEv)
    USB::Print(const char*, ...)             0x08006ed5   Thumb Code    46  usb.o(i._ZN3USB5PrintEPKcz)
    USB::Listen(unsigned char*, unsigned*)   0x08006f11   Thumb Code    36  usb.o(i._ZN3USB6ListenEPhPj)
    Time::Time_Passed(TIM_HandleTypeDef*)    0x08006f41   Thumb Code    16  time.o(i._ZN4Time11Time_PassedEP17TIM_HandleTypeDef)
    Time::Init(TIM_HandleTypeDef*, TIM_HandleTypeDef*) 0x08006f55   Thumb Code    42  time.o(i._ZN4Time4InitEP17TIM_HandleTypeDefS1_)
    Time::Get_Time()                         0x08006f99   Thumb Code    64  time.o(i._ZN4Time8Get_TimeEv)
    Error::Happend(ErrorMode, char*)         0x08006fe5   Thumb Code   100  error.o(i._ZN5Error7HappendE9ErrorModePc)
    Power::Is_Voltage_Correct()              0x0800705d   Thumb Code    38  power.o(i._ZN5Power18Is_Voltage_CorrectEv)
    Power::Init(ADC_HandleTypeDef*)          0x0800709d   Thumb Code    66  power.o(i._ZN5Power4InitEP17ADC_HandleTypeDef)
    Power::Update()                          0x08007101   Thumb Code    82  power.o(i._ZN5Power6UpdateEv)
    Buzzer::Wave(float, float)               0x0800716d   Thumb Code   118  buzzer.o(i._ZN6Buzzer4WaveEff)
    Buzzer::Set_State(bool)                  0x080071f1   Thumb Code    22  buzzer.o(i._ZN6Buzzer9Set_StateEb)
    Logger::Log(char*)                       0x08007211   Thumb Code   118  logger.o(i._ZN6Logger3LogEPc)
    Memory::Free_Wheel()                     0x080072bd   Thumb Code    30  memory.o(i._ZN6Memory10Free_WheelEv)
    Memory::Set_IMU_Offsets()                0x080072e5   Thumb Code   108  memory.o(i._ZN6Memory15Set_IMU_OffsetsEv)
    Memory::Update_Vision_Data()             0x08007359   Thumb Code   242  memory.o(i._ZN6Memory18Update_Vision_DataEv)
    Memory::Clear_Wireless_Data()            0x08007455   Thumb Code    24  memory.o(i._ZN6Memory19Clear_Wireless_DataEv)
    Memory::Update_Order_Struct()            0x08007471   Thumb Code    94  memory.o(i._ZN6Memory19Update_Order_StructEv)
    Memory::Update_Response_Struct()         0x080074d5   Thumb Code    10  memory.o(i._ZN6Memory22Update_Response_StructEv)
    Memory::Init()                           0x080074e9   Thumb Code    34  memory.o(i._ZN6Memory4InitEv)
    Memory::Update()                         0x08007529   Thumb Code    30  memory.o(i._ZN6Memory6UpdateEv)
    DebugPCB::Get_Header()                   0x08007549   Thumb Code    18  debugpcb.o(i._ZN8DebugPCB10Get_HeaderEv)
    DebugPCB::Parse_Data()                   0x08007561   Thumb Code    50  debugpcb.o(i._ZN8DebugPCB10Parse_DataEv)
    DebugPCB::Parse_Header()                 0x08007599   Thumb Code    72  debugpcb.o(i._ZN8DebugPCB12Parse_HeaderEv)
    DebugPCB::Receive_Ended(I2C_HandleTypeDef*) 0x080075e5   Thumb Code    46  debugpcb.o(i._ZN8DebugPCB13Receive_EndedEP17I2C_HandleTypeDef)
    DebugPCB::Transmit_Ended(I2C_HandleTypeDef*) 0x0800761d   Thumb Code    32  debugpcb.o(i._ZN8DebugPCB14Transmit_EndedEP17I2C_HandleTypeDef)
    DebugPCB::Init(I2C_HandleTypeDef*)       0x08007645   Thumb Code    22  debugpcb.o(i._ZN8DebugPCB4InitEP17I2C_HandleTypeDef)
    DebugPCB::Get_Var(DebugPCBVariableAddresses) 0x08007679   Thumb Code   174  debugpcb.o(i._ZN8DebugPCB7Get_VarE25DebugPCBVariableAddresses)
    DebugPCB::Set_Var(DebugPCBVariableAddresses, short) 0x08007745   Thumb Code    60  debugpcb.o(i._ZN8DebugPCB7Set_VarE25DebugPCBVariableAddressess)
    DebugPCB::Do_Order(DebugPCBOrderAddresses) 0x08007795   Thumb Code   224  debugpcb.o(i._ZN8DebugPCB8Do_OrderE22DebugPCBOrderAddresses)
    DebugPCB::Get_Data()                     0x0800788d   Thumb Code    18  debugpcb.o(i._ZN8DebugPCB8Get_DataEv)
    DebugPCB::Send_Data()                    0x080078a5   Thumb Code    64  debugpcb.o(i._ZN8DebugPCB9Send_DataEv)
    Debugger::Log(const char*, ...)          0x080078ed   Thumb Code    48  debugger.o(i._ZN8Debugger3LogEPKcz)
    Debugger::Init()                         0x08007929   Thumb Code    16  debugger.o(i._ZN8Debugger4InitEv)
    Debugger::puts(char*, unsigned)          0x08007955   Thumb Code    78  debugger.o(i._ZN8Debugger4putsEPcj)
    Debugger::Print(const char*, ...)        0x080079ad   Thumb Code    40  debugger.o(i._ZN8Debugger5PrintEPKcz)
    Settings::Get_RID()                      0x080079dd   Thumb Code    16  settings.o(i._ZN8Settings7Get_RIDEv)
    Settings::Read_RID()                     0x080079f1   Thumb Code    68  settings.o(i._ZN8Settings8Read_RIDEv)
    Wireless::NRF_Data_Ready()               0x08007a3d   Thumb Code    20  wireless.o(i._ZN8Wireless14NRF_Data_ReadyEv)
    Wireless::NRF_Read_Buffer(char*)         0x08007a55   Thumb Code    36  wireless.o(i._ZN8Wireless15NRF_Read_BufferEPc)
    Wireless::NRF_Set_Address()              0x08007a7d   Thumb Code    96  wireless.o(i._ZN8Wireless15NRF_Set_AddressEv)
    Wireless::NRF_Transmition(bool)          0x08007b11   Thumb Code    88  wireless.o(i._ZN8Wireless15NRF_TransmitionEb)
    Wireless::NRF_Data_Arrived()             0x08007b79   Thumb Code   188  wireless.o(i._ZN8Wireless16NRF_Data_ArrivedEv)
    Wireless::NRF_Write_Buffer(char*)        0x08007c49   Thumb Code    40  wireless.o(i._ZN8Wireless16NRF_Write_BufferEPc)
    Wireless::Init(__SPI_HandleTypeDef*)     0x08007c75   Thumb Code    18  wireless.o(i._ZN8Wireless4InitEP19__SPI_HandleTypeDef)
    Wireless::NRF_ON()                       0x08007c91   Thumb Code     8  wireless.o(i._ZN8Wireless6NRF_ONEv)
    Wireless::NRF_OFF()                      0x08007c9d   Thumb Code     8  wireless.o(i._ZN8Wireless7NRF_OFFEv)
    Wireless::NRF_Init(__SPI_HandleTypeDef*) 0x08007ca9   Thumb Code   182  wireless.o(i._ZN8Wireless8NRF_InitEP19__SPI_HandleTypeDef)
    __0sprintf                               0x08007d9d   Thumb Code    34  printfa.o(i.__0sprintf)
    __1sprintf                               0x08007d9d   Thumb Code     0  printfa.o(i.__0sprintf)
    __2sprintf                               0x08007d9d   Thumb Code     0  printfa.o(i.__0sprintf)
    __c89sprintf                             0x08007d9d   Thumb Code     0  printfa.o(i.__0sprintf)
    sprintf                                  0x08007d9d   Thumb Code     0  printfa.o(i.__0sprintf)
    __0vsprintf                              0x08007dc5   Thumb Code    30  printfa.o(i.__0vsprintf)
    __1vsprintf                              0x08007dc5   Thumb Code     0  printfa.o(i.__0vsprintf)
    __2vsprintf                              0x08007dc5   Thumb Code     0  printfa.o(i.__0vsprintf)
    __c89vsprintf                            0x08007dc5   Thumb Code     0  printfa.o(i.__0vsprintf)
    vsprintf                                 0x08007dc5   Thumb Code     0  printfa.o(i.__0vsprintf)
    __ARM_fpclassifyf                        0x08007de9   Thumb Code    38  fpclassifyf.o(i.__ARM_fpclassifyf)
    __hardfp_cosf                            0x08007e11   Thumb Code   280  cosf.o(i.__hardfp_cosf)
    __hardfp_sinf                            0x08007f61   Thumb Code   344  sinf.o(i.__hardfp_sinf)
    __mathlib_flt_infnan                     0x080080f1   Thumb Code     6  funder.o(i.__mathlib_flt_infnan)
    __mathlib_flt_invalid                    0x080080f9   Thumb Code    10  funder.o(i.__mathlib_flt_invalid)
    __mathlib_flt_underflow                  0x08008109   Thumb Code    10  funder.o(i.__mathlib_flt_underflow)
    __mathlib_rredf2                         0x08008119   Thumb Code   316  rredf.o(i.__mathlib_rredf2)
    __scatterload_copy                       0x0800826d   Thumb Code    14  handlers.o(i.__scatterload_copy)
    __scatterload_null                       0x0800827b   Thumb Code     2  handlers.o(i.__scatterload_null)
    __scatterload_zeroinit                   0x0800827d   Thumb Code    14  handlers.o(i.__scatterload_zeroinit)
    __set_errno                              0x0800828d   Thumb Code     6  errno.o(i.__set_errno)
    free                                     0x08008b55   Thumb Code    76  malloc.o(i.free)
    main                                     0x08008ba5   Thumb Code   422  main.o(i.main)
    malloc                                   0x08008de1   Thumb Code    92  malloc.o(i.malloc)
    Settings::USBDebugON                     0x08008e4c   Data           1  settings.o(.constdata)
    Settings::DebuggerDebugON                0x08008e4d   Data           1  settings.o(.constdata)
    Settings::buzzerON                       0x08008e4e   Data           1  settings.o(.constdata)
    APBAHBPrescTable                         0x08008e4f   Data          16  stm32f4xx_hal_rcc.o(.constdata)
    Region$$Table$$Base                      0x08008e80   Number         0  anon$$obj.o(Region$$Table)
    Region$$Table$$Limit                     0x08008ea0   Number         0  anon$$obj.o(Region$$Table)
    FS_Desc                                  0x20000000   Data          28  usbd_desc.o(.data)
    USBD_LangIDDesc                          0x2000001c   Data           4  usbd_desc.o(.data)
    USBD_FS_DeviceDesc                       0x20000020   Data          18  usbd_desc.o(.data)
    USB::isConnected                         0x20000048   Data           1  usb.o(.data)
    USB::length                              0x2000004c   Data           4  usb.o(.data)
    USBD_Interface_fops_FS                   0x20000050   Data          16  usbd_cdc_if.o(.data)
    UserRxBufferFS                           0x20000061   Data           4  usbd_cdc_if.o(.data)
    UserTxBufferFS                           0x20000065   Data           4  usbd_cdc_if.o(.data)
    Error::freq                              0x20000070   Data          20  error.o(.data)
    Error::pulse                             0x20000084   Data          20  error.o(.data)
    Settings::RID                            0x20000098   Data           1  settings.o(.data)
    Settings::RIDReaded                      0x20000099   Data           1  settings.o(.data)
    Wireless::isOn                           0x200000a1   Data           1  wireless.o(.data)
    Wireless::lastDataArrivelTime            0x200000a4   Data           4  wireless.o(.data)
    Time::isValid                            0x200000a8   Data           1  time.o(.data)
    Time::mili                               0x200000ac   Data           4  time.o(.data)
    Time::micro                              0x200000b0   Data           4  time.o(.data)
    Time::s                                  0x200000b4   Data           4  time.o(.data)
    Debugger::isConnected                    0x200000b8   Data           1  debugger.o(.data)
    Logger::logLine                          0x200000c0   Data           4  logger.o(.data)
    Memory::responseStruct                   0x200000c8   Data           1  memory.o(.data)
    Memory::lastTime                         0x200000cc   Data           4  memory.o(.data)
    Memory::cst                              0x200000d0   Data           4  memory.o(.data)
    Motors::rearRight                        0x200000d6   Data           1  motor.o(.data)
    Motors::frontRight                       0x200000d7   Data           1  motor.o(.data)
    Motors::spinn                            0x200000d8   Data           1  motor.o(.data)
    Motors::frontLeft                        0x200000d9   Data           1  motor.o(.data)
    Motors::rearLeft                         0x200000da   Data           1  motor.o(.data)
    MotorsNetwork::isOn                      0x200000db   Data           5  motor.o(.data)
    DebugPCB::state                          0x200000e2   Data           1  debugpcb.o(.data)
    DebugPCB::hi2c                           0x200000e4   Data           4  debugpcb.o(.data)
    DebugPCB::header                         0x200000e8   Data           4  debugpcb.o(.data)
    DebugPCB::data                           0x200000ec   Data           4  debugpcb.o(.data)
    DebugPCB::txBuffer                       0x200000f0   Data           4  debugpcb.o(.data)
    IMU::state                               0x200000f7   Data           1  imu.o(.data)
    IMU::rawXAcceleration                    0x200000f8   Data           2  imu.o(.data)
    IMU::rawYAcceleration                    0x200000fa   Data           2  imu.o(.data)
    IMU::rawWr                               0x200000fc   Data           2  imu.o(.data)
    IMU::yOffset                             0x20000100   Data           4  imu.o(.data)
    IMU::xVelocity                           0x20000104   Data           4  imu.o(.data)
    IMU::yVelocity                           0x20000108   Data           4  imu.o(.data)
    IMU::lastTime                            0x2000010c   Data           4  imu.o(.data)
    IMU::xOffset                             0x20000110   Data           4  imu.o(.data)
    IMU::hi2c                                0x20000114   Data           4  imu.o(.data)
    uwTick                                   0x20000118   Data           4  stm32f4xx_hal.o(.data)
    USBD_CDC_CfgHSDesc                       0x2000012c   Data          67  usbd_cdc.o(.data)
    USBD_CDC_CfgFSDesc                       0x20000170   Data          67  usbd_cdc.o(.data)
    USBD_CDC_OtherSpeedCfgDesc               0x200001b4   Data          67  usbd_cdc.o(.data)
    USBD_CDC                                 0x200001f8   Data          56  usbd_cdc.o(.data)
    SystemCoreClock                          0x20000234   Data           4  system_stm32f4xx.o(.data)
    __microlib_freelist                      0x20000238   Data           4  mvars.o(.data)
    __microlib_freelist_initialised          0x2000023c   Data           4  mvars.o(.data)
    huart4                                   0x20000244   Data          64  usart.o(.bss)
    huart5                                   0x20000284   Data          64  usart.o(.bss)
    huart1                                   0x200002c4   Data          64  usart.o(.bss)
    huart2                                   0x20000304   Data          64  usart.o(.bss)
    huart3                                   0x20000344   Data          64  usart.o(.bss)
    huart6                                   0x20000384   Data          64  usart.o(.bss)
    hUsbDeviceFS                             0x200003c4   Data         548  usb_device.o(.bss)
    USBD_StrDesc                             0x200005e8   Data         512  usbd_desc.o(.bss)
    hadc1                                    0x200007e8   Data          72  adc.o(.bss)
    htim1                                    0x20000830   Data          60  tim.o(.bss)
    htim2                                    0x2000086c   Data          60  tim.o(.bss)
    htim3                                    0x200008a8   Data          60  tim.o(.bss)
    htim4                                    0x200008e4   Data          60  tim.o(.bss)
    htim5                                    0x20000920   Data          60  tim.o(.bss)
    htim6                                    0x2000095c   Data          60  tim.o(.bss)
    htim7                                    0x20000998   Data          60  tim.o(.bss)
    htim8                                    0x200009d4   Data          60  tim.o(.bss)
    htim9                                    0x20000a10   Data          60  tim.o(.bss)
    htim10                                   0x20000a4c   Data          60  tim.o(.bss)
    htim11                                   0x20000a88   Data          60  tim.o(.bss)
    htim12                                   0x20000ac4   Data          60  tim.o(.bss)
    htim13                                   0x20000b00   Data          60  tim.o(.bss)
    htim14                                   0x20000b3c   Data          60  tim.o(.bss)
    hpcd_USB_OTG_FS                          0x20000b78   Data        1008  usbd_conf.o(.bss)
    hspi2                                    0x20000f68   Data          88  spi.o(.bss)
    hi2c1                                    0x20000fc0   Data          84  i2c.o(.bss)
    hi2c3                                    0x20001014   Data          84  i2c.o(.bss)
    USB::str                                 0x20001068   Data         256  usb.o(.bss)
    USB::buffer                              0x20001168   Data         256  usb.o(.bss)
    Wireless::hnrf                           0x20001268   Data          20  wireless.o(.bss)
    Debugger::str                            0x2000127c   Data         256  debugger.o(.bss)
    Memory::order                            0x2000137c   Data          32  memory.o(.bss)
    Memory::response                         0x2000139c   Data          32  memory.o(.bss)
    Memory::orderStruct                      0x200013bc   Data          20  memory.o(.bss)
    Memory::visionData                       0x200013d0   Data          36  memory.o(.bss)
    MotorsNetwork::huart                     0x20001408   Data          20  motor.o(.bss)
    MotorsNetwork::setedRPM                  0x2000141c   Data          10  motor.o(.bss)
    MotorsNetwork::momentomRPM               0x20001426   Data          10  motor.o(.bss)
    MotorsNetwork::buffer                    0x20001430   Data          20  motor.o(.bss)
    __heap_base                              0x20001448   Data           0  startup_stm32f407xx.o(HEAP)
    __heap_limit                             0x20001a48   Data           0  startup_stm32f407xx.o(HEAP)
    __initial_sp                             0x20002c48   Data           0  startup_stm32f407xx.o(STACK)



==============================================================================

Memory Map of the image

  Image Entry point : 0x08000189

  Load Region LR_IROM1 (Base: 0x08000000, Size: 0x000090e4, Max: 0x00100000, ABSOLUTE, COMPRESSED[0x00008f78])

    Execution Region ER_IROM1 (Base: 0x08000000, Size: 0x00008ea0, Max: 0x00100000, ABSOLUTE)

    Base Addr    Size         Type   Attr      Idx    E Section Name        Object

    0x08000000   0x00000188   Data   RO         6686    RESET               startup_stm32f407xx.o
    0x08000188   0x00000000   Code   RO         6753  * .ARM.Collect$$$$00000000  mc_w.l(entry.o)
    0x08000188   0x00000004   Code   RO         7076    .ARM.Collect$$$$00000001  mc_w.l(entry2.o)
    0x0800018c   0x00000004   Code   RO         7079    .ARM.Collect$$$$00000004  mc_w.l(entry5.o)
    0x08000190   0x00000000   Code   RO         7081    .ARM.Collect$$$$00000008  mc_w.l(entry7b.o)
    0x08000190   0x00000000   Code   RO         7083    .ARM.Collect$$$$0000000A  mc_w.l(entry8b.o)
    0x08000190   0x00000008   Code   RO         7084    .ARM.Collect$$$$0000000B  mc_w.l(entry9a.o)
    0x08000198   0x00000000   Code   RO         7086    .ARM.Collect$$$$0000000D  mc_w.l(entry10a.o)
    0x08000198   0x00000000   Code   RO         7088    .ARM.Collect$$$$0000000F  mc_w.l(entry11a.o)
    0x08000198   0x00000004   Code   RO         7077    .ARM.Collect$$$$00002712  mc_w.l(entry2.o)
    0x0800019c   0x00000024   Code   RO         6687    .text               startup_stm32f407xx.o
    0x080001c0   0x00000024   Code   RO         6756    .text               mc_w.l(memcpya.o)
    0x080001e4   0x000000e4   Code   RO         7049    .text               mf_w.l(dmul.o)
    0x080002c8   0x0000001a   Code   RO         7051    .text               mf_w.l(dfltui.o)
    0x080002e2   0x00000026   Code   RO         7053    .text               mf_w.l(f2d.o)
    0x08000308   0x00000038   Code   RO         7055    .text               mf_w.l(d2f.o)
    0x08000340   0x0000002c   Code   RO         7093    .text               mc_w.l(uidiv.o)
    0x0800036c   0x00000062   Code   RO         7095    .text               mc_w.l(uldiv.o)
    0x080003ce   0x00000000   Code   RO         7106    .text               mc_w.l(iusefp.o)
    0x080003ce   0x0000006e   Code   RO         7107    .text               mf_w.l(fepilogue.o)
    0x0800043c   0x000000ba   Code   RO         7109    .text               mf_w.l(depilogue.o)
    0x080004f6   0x0000014e   Code   RO         7111    .text               mf_w.l(dadd.o)
    0x08000644   0x000000de   Code   RO         7113    .text               mf_w.l(ddiv.o)
    0x08000722   0x00000030   Code   RO         7115    .text               mf_w.l(dfixul.o)
    0x08000752   0x00000002   PAD
    0x08000754   0x00000030   Code   RO         7117    .text               mf_w.l(cdrcmple.o)
    0x08000784   0x00000024   Code   RO         7119    .text               mc_w.l(init.o)
    0x080007a8   0x0000001e   Code   RO         7122    .text               mc_w.l(llshl.o)
    0x080007c6   0x00000020   Code   RO         7124    .text               mc_w.l(llushr.o)
    0x080007e6   0x00000024   Code   RO         7126    .text               mc_w.l(llsshr.o)
    0x0800080a   0x00000056   Code   RO         7137    .text               mc_w.l(__dczerorl2.o)
    0x08000860   0x00000134   Code   RO         3622    i.ADC_Init          stm32f4xx_hal_adc.o
    0x08000994   0x00000002   Code   RO            4    i.BusFault_Handler  stm32f4xx_it.o
    0x08000996   0x00000002   PAD
    0x08000998   0x0000002c   Code   RO         1425    i.CDC_Transmit_FS   usbd_cdc_if.o
    0x080009c4   0x00000002   Code   RO            5    i.DebugMon_Handler  stm32f4xx_it.o
    0x080009c6   0x00000008   Code   RO            6    i.EXTI15_10_IRQHandler  stm32f4xx_it.o
    0x080009ce   0x00000006   Code   RO            7    i.EXTI4_IRQHandler  stm32f4xx_it.o
    0x080009d4   0x00000008   Code   RO            8    i.EXTI9_5_IRQHandler  stm32f4xx_it.o
    0x080009dc   0x00000002   Code   RO         1057    i.Error_Handler     main.o
    0x080009de   0x00000002   PAD
    0x080009e0   0x00000150   Code   RO         3624    i.HAL_ADC_ConfigChannel  stm32f4xx_hal_adc.o
    0x08000b30   0x00000006   Code   RO         3631    i.HAL_ADC_GetValue  stm32f4xx_hal_adc.o
    0x08000b36   0x00000054   Code   RO         3633    i.HAL_ADC_Init      stm32f4xx_hal_adc.o
    0x08000b8a   0x00000002   PAD
    0x08000b8c   0x00000044   Code   RO          587    i.HAL_ADC_MspInit   adc.o
    0x08000bd0   0x000000a2   Code   RO         3637    i.HAL_ADC_PollForConversion  stm32f4xx_hal_adc.o
    0x08000c72   0x00000002   PAD
    0x08000c74   0x000000b8   Code   RO         3639    i.HAL_ADC_Start     stm32f4xx_hal_adc.o
    0x08000d2c   0x0000003c   Code   RO         3642    i.HAL_ADC_Stop      stm32f4xx_hal_adc.o
    0x08000d68   0x00000024   Code   RO         2634    i.HAL_DMA_Abort_IT  stm32f4xx_hal_dma.o
    0x08000d8c   0x00000016   Code   RO         5654    i.HAL_Delay         stm32f4xx_hal.o
    0x08000da2   0x00000002   PAD
    0x08000da4   0x0000003c   Code   RO         1058    i.HAL_GPIO_EXTI_Callback  main.o
    0x08000de0   0x00000018   Code   RO         5583    i.HAL_GPIO_EXTI_IRQHandler  stm32f4xx_hal_gpio.o
    0x08000df8   0x000001b0   Code   RO         5584    i.HAL_GPIO_Init     stm32f4xx_hal_gpio.o
    0x08000fa8   0x0000000a   Code   RO         5586    i.HAL_GPIO_ReadPin  stm32f4xx_hal_gpio.o
    0x08000fb2   0x00000008   Code   RO         5587    i.HAL_GPIO_TogglePin  stm32f4xx_hal_gpio.o
    0x08000fba   0x0000000a   Code   RO         5588    i.HAL_GPIO_WritePin  stm32f4xx_hal_gpio.o
    0x08000fc4   0x0000000c   Code   RO         5660    i.HAL_GetTick       stm32f4xx_hal.o
    0x08000fd0   0x00000002   Code   RO         2736    i.HAL_I2C_AbortCpltCallback  stm32f4xx_hal_i2c.o
    0x08000fd2   0x00000002   Code   RO         2737    i.HAL_I2C_AddrCallback  stm32f4xx_hal_i2c.o
    0x08000fd4   0x000001f0   Code   RO         2741    i.HAL_I2C_EV_IRQHandler  stm32f4xx_hal_i2c.o
    0x080011c4   0x00000002   Code   RO         2743    i.HAL_I2C_ErrorCallback  stm32f4xx_hal_i2c.o
    0x080011c6   0x00000002   PAD
    0x080011c8   0x00000108   Code   RO         2747    i.HAL_I2C_Init      stm32f4xx_hal_i2c.o
    0x080012d0   0x00000160   Code   RO         2748    i.HAL_I2C_IsDeviceReady  stm32f4xx_hal_i2c.o
    0x08001430   0x00000002   Code   RO         2749    i.HAL_I2C_ListenCpltCallback  stm32f4xx_hal_i2c.o
    0x08001432   0x00000002   Code   RO         2750    i.HAL_I2C_MasterRxCpltCallback  stm32f4xx_hal_i2c.o
    0x08001434   0x00000002   Code   RO         2751    i.HAL_I2C_MasterTxCpltCallback  stm32f4xx_hal_i2c.o
    0x08001436   0x00000002   PAD
    0x08001438   0x0000000c   Code   RO         1059    i.HAL_I2C_MemRxCpltCallback  main.o
    0x08001444   0x00000002   Code   RO         2762    i.HAL_I2C_MemTxCpltCallback  stm32f4xx_hal_i2c.o
    0x08001446   0x00000002   PAD
    0x08001448   0x000000d8   Code   RO         2765    i.HAL_I2C_Mem_Read_IT  stm32f4xx_hal_i2c.o
    0x08001520   0x0000013c   Code   RO         2766    i.HAL_I2C_Mem_Write  stm32f4xx_hal_i2c.o
    0x0800165c   0x000000b4   Code   RO          986    i.HAL_I2C_MspInit   i2c.o
    0x08001710   0x0000000c   Code   RO         1060    i.HAL_I2C_SlaveRxCpltCallback  main.o
    0x0800171c   0x0000000c   Code   RO         1061    i.HAL_I2C_SlaveTxCpltCallback  main.o
    0x08001728   0x000000b4   Code   RO         2775    i.HAL_I2C_Slave_Receive_IT  stm32f4xx_hal_i2c.o
    0x080017dc   0x00000164   Code   RO         2778    i.HAL_I2C_Slave_Transmit  stm32f4xx_hal_i2c.o
    0x08001940   0x00000010   Code   RO         5661    i.HAL_IncTick       stm32f4xx_hal.o
    0x08001950   0x00000034   Code   RO         5662    i.HAL_Init          stm32f4xx_hal.o
    0x08001984   0x00000028   Code   RO         5663    i.HAL_InitTick      stm32f4xx_hal.o
    0x080019ac   0x00000068   Code   RO          562    i.HAL_MspInit       stm32f4xx_hal_msp.o
    0x08001a14   0x00000016   Code   RO         4589    i.HAL_NVIC_EnableIRQ  stm32f4xx_hal_cortex.o
    0x08001a2a   0x00000002   PAD
    0x08001a2c   0x00000040   Code   RO         4595    i.HAL_NVIC_SetPriority  stm32f4xx_hal_cortex.o
    0x08001a6c   0x00000024   Code   RO         4596    i.HAL_NVIC_SetPriorityGrouping  stm32f4xx_hal_cortex.o
    0x08001a90   0x00000008   Code   RO         6009    i.HAL_PCDEx_SetRxFiFo  stm32f4xx_hal_pcd_ex.o
    0x08001a98   0x00000044   Code   RO         6010    i.HAL_PCDEx_SetTxFiFo  stm32f4xx_hal_pcd_ex.o
    0x08001adc   0x00000008   Code   RO          754    i.HAL_PCD_ConnectCallback  usbd_conf.o
    0x08001ae4   0x00000012   Code   RO          755    i.HAL_PCD_DataInStageCallback  usbd_conf.o
    0x08001af6   0x00000014   Code   RO          756    i.HAL_PCD_DataOutStageCallback  usbd_conf.o
    0x08001b0a   0x00000008   Code   RO          757    i.HAL_PCD_DisconnectCallback  usbd_conf.o
    0x08001b12   0x00000044   Code   RO         5803    i.HAL_PCD_EP_Close  stm32f4xx_hal_pcd.o
    0x08001b56   0x00000050   Code   RO         5804    i.HAL_PCD_EP_ClrStall  stm32f4xx_hal_pcd.o
    0x08001ba6   0x00000014   Code   RO         5806    i.HAL_PCD_EP_GetRxCount  stm32f4xx_hal_pcd.o
    0x08001bba   0x00000054   Code   RO         5807    i.HAL_PCD_EP_Open   stm32f4xx_hal_pcd.o
    0x08001c0e   0x00000002   PAD
    0x08001c10   0x0000005e   Code   RO         5808    i.HAL_PCD_EP_Receive  stm32f4xx_hal_pcd.o
    0x08001c6e   0x00000060   Code   RO         5809    i.HAL_PCD_EP_SetStall  stm32f4xx_hal_pcd.o
    0x08001cce   0x00000056   Code   RO         5810    i.HAL_PCD_EP_Transmit  stm32f4xx_hal_pcd.o
    0x08001d24   0x000003fe   Code   RO         5812    i.HAL_PCD_IRQHandler  stm32f4xx_hal_pcd.o
    0x08002122   0x00000008   Code   RO          758    i.HAL_PCD_ISOINIncompleteCallback  usbd_conf.o
    0x0800212a   0x00000008   Code   RO          759    i.HAL_PCD_ISOOUTIncompleteCallback  usbd_conf.o
    0x08002132   0x00000002   PAD
    0x08002134   0x000000be   Code   RO         5815    i.HAL_PCD_Init      stm32f4xx_hal_pcd.o
    0x080021f2   0x00000002   PAD
    0x080021f4   0x00000064   Code   RO          761    i.HAL_PCD_MspInit   usbd_conf.o
    0x08002258   0x00000020   Code   RO          762    i.HAL_PCD_ResetCallback  usbd_conf.o
    0x08002278   0x00000008   Code   RO          763    i.HAL_PCD_ResumeCallback  usbd_conf.o
    0x08002280   0x00000008   Code   RO          764    i.HAL_PCD_SOFCallback  usbd_conf.o
    0x08002288   0x00000024   Code   RO         5821    i.HAL_PCD_SetAddress  stm32f4xx_hal_pcd.o
    0x080022ac   0x0000000e   Code   RO          765    i.HAL_PCD_SetupStageCallback  usbd_conf.o
    0x080022ba   0x0000002a   Code   RO         5823    i.HAL_PCD_Start     stm32f4xx_hal_pcd.o
    0x080022e4   0x00000030   Code   RO          766    i.HAL_PCD_SuspendCallback  usbd_conf.o
    0x08002314   0x00000002   Code   RO         3804    i.HAL_PWR_PVDCallback  stm32f4xx_hal_pwr.o
    0x08002316   0x00000002   PAD
    0x08002318   0x0000001c   Code   RO         3805    i.HAL_PWR_PVD_IRQHandler  stm32f4xx_hal_pwr.o
    0x08002334   0x0000017c   Code   RO         5359    i.HAL_RCC_ClockConfig  stm32f4xx_hal_rcc.o
    0x080024b0   0x0000000c   Code   RO         5364    i.HAL_RCC_GetHCLKFreq  stm32f4xx_hal_rcc.o
    0x080024bc   0x00000030   Code   RO         5366    i.HAL_RCC_GetPCLK1Freq  stm32f4xx_hal_rcc.o
    0x080024ec   0x00000030   Code   RO         5367    i.HAL_RCC_GetPCLK2Freq  stm32f4xx_hal_rcc.o
    0x0800251c   0x00000070   Code   RO         5368    i.HAL_RCC_GetSysClockFreq  stm32f4xx_hal_rcc.o
    0x0800258c   0x00000314   Code   RO         5371    i.HAL_RCC_OscConfig  stm32f4xx_hal_rcc.o
    0x080028a0   0x00000002   Code   RO         6043    i.HAL_SPI_ErrorCallback  stm32f4xx_hal_spi.o
    0x080028a2   0x00000002   PAD
    0x080028a4   0x000000d4   Code   RO         6046    i.HAL_SPI_IRQHandler  stm32f4xx_hal_spi.o
    0x08002978   0x00000080   Code   RO         6047    i.HAL_SPI_Init      stm32f4xx_hal_spi.o
    0x080029f8   0x0000005c   Code   RO          944    i.HAL_SPI_MspInit   spi.o
    0x08002a54   0x000001d8   Code   RO         6056    i.HAL_SPI_TransmitReceive  stm32f4xx_hal_spi.o
    0x08002c2c   0x00000018   Code   RO         4598    i.HAL_SYSTICK_CLKSourceConfig  stm32f4xx_hal_cortex.o
    0x08002c44   0x00000002   Code   RO         4599    i.HAL_SYSTICK_Callback  stm32f4xx_hal_cortex.o
    0x08002c46   0x00000028   Code   RO         4600    i.HAL_SYSTICK_Config  stm32f4xx_hal_cortex.o
    0x08002c6e   0x00000008   Code   RO         4601    i.HAL_SYSTICK_IRQHandler  stm32f4xx_hal_cortex.o
    0x08002c76   0x00000002   Code   RO         3909    i.HAL_TIMEx_BreakCallback  stm32f4xx_hal_tim_ex.o
    0x08002c78   0x00000002   Code   RO         3910    i.HAL_TIMEx_CommutationCallback  stm32f4xx_hal_tim_ex.o
    0x08002c7a   0x00000050   Code   RO         3926    i.HAL_TIMEx_MasterConfigSynchronization  stm32f4xx_hal_tim_ex.o
    0x08002cca   0x00000036   Code   RO         4711    i.HAL_TIM_Base_Init  stm32f4xx_hal_tim.o
    0x08002d00   0x0000026c   Code   RO          629    i.HAL_TIM_Base_MspInit  tim.o
    0x08002f6c   0x0000001a   Code   RO         4714    i.HAL_TIM_Base_Start  stm32f4xx_hal_tim.o
    0x08002f86   0x00000018   Code   RO         4716    i.HAL_TIM_Base_Start_IT  stm32f4xx_hal_tim.o
    0x08002f9e   0x000000f2   Code   RO         4720    i.HAL_TIM_ConfigClockSource  stm32f4xx_hal_tim.o
    0x08003090   0x00000002   Code   RO         4740    i.HAL_TIM_IC_CaptureCallback  stm32f4xx_hal_tim.o
    0x08003092   0x00000166   Code   RO         4753    i.HAL_TIM_IRQHandler  stm32f4xx_hal_tim.o
    0x080031f8   0x00000002   Code   RO         4756    i.HAL_TIM_OC_DelayElapsedCallback  stm32f4xx_hal_tim.o
    0x080031fa   0x00000002   Code   RO         4783    i.HAL_TIM_PWM_PulseFinishedCallback  stm32f4xx_hal_tim.o
    0x080031fc   0x0000000c   Code   RO         1062    i.HAL_TIM_PeriodElapsedCallback  main.o
    0x08003208   0x00000002   Code   RO         4794    i.HAL_TIM_TriggerCallback  stm32f4xx_hal_tim.o
    0x0800320a   0x00000002   Code   RO         3173    i.HAL_UART_ErrorCallback  stm32f4xx_hal_uart.o
    0x0800320c   0x00000110   Code   RO         3176    i.HAL_UART_IRQHandler  stm32f4xx_hal_uart.o
    0x0800331c   0x00000062   Code   RO         3177    i.HAL_UART_Init     stm32f4xx_hal_uart.o
    0x0800337e   0x00000002   PAD
    0x08003380   0x000001b0   Code   RO          357    i.HAL_UART_MspInit  usart.o
    0x08003530   0x00000048   Code   RO         3182    i.HAL_UART_Receive_IT  stm32f4xx_hal_uart.o
    0x08003578   0x0000000c   Code   RO         1063    i.HAL_UART_RxCpltCallback  main.o
    0x08003584   0x0000003e   Code   RO         3187    i.HAL_UART_Transmit_IT  stm32f4xx_hal_uart.o
    0x080035c2   0x00000002   PAD
    0x080035c4   0x0000000c   Code   RO         1064    i.HAL_UART_TxCpltCallback  main.o
    0x080035d0   0x00000002   Code   RO            9    i.HardFault_Handler  stm32f4xx_it.o
    0x080035d2   0x00000002   PAD
    0x080035d4   0x0000000c   Code   RO           10    i.I2C1_EV_IRQHandler  stm32f4xx_it.o
    0x080035e0   0x0000000c   Code   RO           11    i.I2C3_EV_IRQHandler  stm32f4xx_it.o
    0x080035ec   0x0000004e   Code   RO         2781    i.I2C_DMAAbort      stm32f4xx_hal_i2c.o
    0x0800363a   0x00000002   PAD
    0x0800363c   0x00000124   Code   RO         2784    i.I2C_ITError       stm32f4xx_hal_i2c.o
    0x08003760   0x00000028   Code   RO         2785    i.I2C_IsAcknowledgeFailed  stm32f4xx_hal_i2c.o
    0x08003788   0x000000c4   Code   RO         2786    i.I2C_MasterReceive_BTF  stm32f4xx_hal_i2c.o
    0x0800384c   0x000000b6   Code   RO         2787    i.I2C_MasterReceive_RXNE  stm32f4xx_hal_i2c.o
    0x08003902   0x00000080   Code   RO         2790    i.I2C_MasterTransmit_BTF  stm32f4xx_hal_i2c.o
    0x08003982   0x00000002   PAD
    0x08003984   0x00000108   Code   RO         2791    i.I2C_MasterTransmit_TXE  stm32f4xx_hal_i2c.o
    0x08003a8c   0x000000f4   Code   RO         2792    i.I2C_Master_ADDR   stm32f4xx_hal_i2c.o
    0x08003b80   0x0000005a   Code   RO         2793    i.I2C_Master_SB     stm32f4xx_hal_i2c.o
    0x08003bda   0x00000002   PAD
    0x08003bdc   0x000000a0   Code   RO         2795    i.I2C_RequestMemoryWrite  stm32f4xx_hal_i2c.o
    0x08003c7c   0x000000dc   Code   RO         2797    i.I2C_Slave_STOPF   stm32f4xx_hal_i2c.o
    0x08003d58   0x0000004e   Code   RO         2798    i.I2C_WaitOnBTFFlagUntilTimeout  stm32f4xx_hal_i2c.o
    0x08003da6   0x00000060   Code   RO         2799    i.I2C_WaitOnFlagUntilTimeout  stm32f4xx_hal_i2c.o
    0x08003e06   0x00000002   PAD
    0x08003e08   0x00000088   Code   RO         2800    i.I2C_WaitOnMasterAddressFlagUntilTimeout  stm32f4xx_hal_i2c.o
    0x08003e90   0x0000004e   Code   RO         2802    i.I2C_WaitOnTXEFlagUntilTimeout  stm32f4xx_hal_i2c.o
    0x08003ede   0x00000002   PAD
    0x08003ee0   0x00000058   Code   RO          588    i.MX_ADC1_Init      adc.o
    0x08003f38   0x00000230   Code   RO         1033    i.MX_GPIO_Init      gpio.o
    0x08004168   0x00000040   Code   RO          987    i.MX_I2C1_Init      i2c.o
    0x080041a8   0x00000040   Code   RO          988    i.MX_I2C3_Init      i2c.o
    0x080041e8   0x00000044   Code   RO          945    i.MX_SPI2_Init      spi.o
    0x0800422c   0x0000002c   Code   RO          631    i.MX_TIM10_Init     tim.o
    0x08004258   0x0000002c   Code   RO          632    i.MX_TIM11_Init     tim.o
    0x08004284   0x00000048   Code   RO          633    i.MX_TIM12_Init     tim.o
    0x080042cc   0x00000034   Code   RO          634    i.MX_TIM13_Init     tim.o
    0x08004300   0x00000034   Code   RO          635    i.MX_TIM14_Init     tim.o
    0x08004334   0x00000054   Code   RO          636    i.MX_TIM1_Init      tim.o
    0x08004388   0x00000050   Code   RO          637    i.MX_TIM2_Init      tim.o
    0x080043d8   0x00000054   Code   RO          638    i.MX_TIM3_Init      tim.o
    0x0800442c   0x00000054   Code   RO          639    i.MX_TIM4_Init      tim.o
    0x08004480   0x00000054   Code   RO          640    i.MX_TIM5_Init      tim.o
    0x080044d4   0x00000038   Code   RO          641    i.MX_TIM6_Init      tim.o
    0x0800450c   0x00000038   Code   RO          642    i.MX_TIM7_Init      tim.o
    0x08004544   0x00000054   Code   RO          643    i.MX_TIM8_Init      tim.o
    0x08004598   0x00000034   Code   RO          644    i.MX_TIM9_Init      tim.o
    0x080045cc   0x00000044   Code   RO          358    i.MX_UART4_Init     usart.o
    0x08004610   0x00000044   Code   RO          359    i.MX_UART5_Init     usart.o
    0x08004654   0x00000044   Code   RO          360    i.MX_USART1_UART_Init  usart.o
    0x08004698   0x00000044   Code   RO          361    i.MX_USART2_UART_Init  usart.o
    0x080046dc   0x00000044   Code   RO          362    i.MX_USART3_UART_Init  usart.o
    0x08004720   0x00000044   Code   RO          363    i.MX_USART6_UART_Init  usart.o
    0x08004764   0x00000038   Code   RO          431    i.MX_USB_DEVICE_Init  usb_device.o
    0x0800479c   0x00000002   Code   RO           12    i.MemManage_Handler  stm32f4xx_it.o
    0x0800479e   0x00000002   Code   RO           13    i.NMI_Handler       stm32f4xx_it.o
    0x080047a0   0x00000020   Code   RO         4602    i.NVIC_SetPriority  stm32f4xx_hal_cortex.o
    0x080047c0   0x0000000c   Code   RO           14    i.OTG_FS_IRQHandler  stm32f4xx_it.o
    0x080047cc   0x00000088   Code   RO         5826    i.PCD_WriteEmptyTxFifo  stm32f4xx_hal_pcd.o
    0x08004854   0x00000004   Code   RO           15    i.PVD_IRQHandler    stm32f4xx_it.o
    0x08004858   0x00000002   Code   RO           16    i.PendSV_Handler    stm32f4xx_it.o
    0x0800485a   0x00000002   PAD
    0x0800485c   0x0000000c   Code   RO           17    i.SPI2_IRQHandler   stm32f4xx_it.o
    0x08004868   0x00000020   Code   RO         6069    i.SPI_CheckFlag_BSY  stm32f4xx_hal_spi.o
    0x08004888   0x00000010   Code   RO         6073    i.SPI_DMAAbortOnError  stm32f4xx_hal_spi.o
    0x08004898   0x00000096   Code   RO         6085    i.SPI_WaitFlagStateUntilTimeout  stm32f4xx_hal_spi.o
    0x0800492e   0x00000002   Code   RO           18    i.SVC_Handler       stm32f4xx_it.o
    0x08004930   0x0000000e   Code   RO           19    i.SysTick_Handler   stm32f4xx_it.o
    0x0800493e   0x00000002   PAD
    0x08004940   0x00000054   Code   RO         6695    i.SystemInit        system_stm32f4xx.o
    0x08004994   0x0000001c   Code   RO           20    i.TIM1_BRK_TIM9_IRQHandler  stm32f4xx_it.o
    0x080049b0   0x0000001c   Code   RO           21    i.TIM1_TRG_COM_TIM11_IRQHandler  stm32f4xx_it.o
    0x080049cc   0x0000001c   Code   RO           22    i.TIM1_UP_TIM10_IRQHandler  stm32f4xx_it.o
    0x080049e8   0x0000000c   Code   RO           23    i.TIM2_IRQHandler   stm32f4xx_it.o
    0x080049f4   0x0000000c   Code   RO           24    i.TIM3_IRQHandler   stm32f4xx_it.o
    0x08004a00   0x0000000c   Code   RO           25    i.TIM4_IRQHandler   stm32f4xx_it.o
    0x08004a0c   0x0000000c   Code   RO           26    i.TIM5_IRQHandler   stm32f4xx_it.o
    0x08004a18   0x0000000c   Code   RO           27    i.TIM6_DAC_IRQHandler  stm32f4xx_it.o
    0x08004a24   0x0000000c   Code   RO           28    i.TIM7_IRQHandler   stm32f4xx_it.o
    0x08004a30   0x0000001c   Code   RO           29    i.TIM8_BRK_TIM12_IRQHandler  stm32f4xx_it.o
    0x08004a4c   0x0000001c   Code   RO           30    i.TIM8_TRG_COM_TIM14_IRQHandler  stm32f4xx_it.o
    0x08004a68   0x0000001c   Code   RO           31    i.TIM8_UP_TIM13_IRQHandler  stm32f4xx_it.o
    0x08004a84   0x000000c0   Code   RO         4795    i.TIM_Base_SetConfig  stm32f4xx_hal_tim.o
    0x08004b44   0x00000014   Code   RO         4802    i.TIM_ETR_SetConfig  stm32f4xx_hal_tim.o
    0x08004b58   0x00000010   Code   RO         4803    i.TIM_ITRx_SetConfig  stm32f4xx_hal_tim.o
    0x08004b68   0x00000022   Code   RO         4809    i.TIM_TI1_ConfigInputStage  stm32f4xx_hal_tim.o
    0x08004b8a   0x00000024   Code   RO         4811    i.TIM_TI2_ConfigInputStage  stm32f4xx_hal_tim.o
    0x08004bae   0x00000002   PAD
    0x08004bb0   0x0000000c   Code   RO           32    i.UART4_IRQHandler  stm32f4xx_it.o
    0x08004bbc   0x0000000c   Code   RO           33    i.UART5_IRQHandler  stm32f4xx_it.o
    0x08004bc8   0x00000010   Code   RO         3190    i.UART_DMAAbortOnError  stm32f4xx_hal_uart.o
    0x08004bd8   0x0000001c   Code   RO         3200    i.UART_EndRxTransfer  stm32f4xx_hal_uart.o
    0x08004bf4   0x0000008c   Code   RO         3202    i.UART_Receive_IT   stm32f4xx_hal_uart.o
    0x08004c80   0x000002ac   Code   RO         3203    i.UART_SetConfig    stm32f4xx_hal_uart.o
    0x08004f2c   0x00000062   Code   RO         3204    i.UART_Transmit_IT  stm32f4xx_hal_uart.o
    0x08004f8e   0x00000002   PAD
    0x08004f90   0x0000000c   Code   RO           34    i.USART1_IRQHandler  stm32f4xx_it.o
    0x08004f9c   0x0000000c   Code   RO           35    i.USART2_IRQHandler  stm32f4xx_it.o
    0x08004fa8   0x0000000c   Code   RO           36    i.USART3_IRQHandler  stm32f4xx_it.o
    0x08004fb4   0x0000000c   Code   RO           37    i.USART6_IRQHandler  stm32f4xx_it.o
    0x08004fc0   0x00000014   Code   RO         6318    i.USBD_CDC_DataIn   usbd_cdc.o
    0x08004fd4   0x0000002e   Code   RO         6319    i.USBD_CDC_DataOut  usbd_cdc.o
    0x08005002   0x0000003c   Code   RO         6320    i.USBD_CDC_DeInit   usbd_cdc.o
    0x0800503e   0x00000024   Code   RO         6321    i.USBD_CDC_EP0_RxReady  usbd_cdc.o
    0x08005062   0x00000002   PAD
    0x08005064   0x0000000c   Code   RO         6322    i.USBD_CDC_GetDeviceQualifierDescriptor  usbd_cdc.o
    0x08005070   0x0000000c   Code   RO         6323    i.USBD_CDC_GetFSCfgDesc  usbd_cdc.o
    0x0800507c   0x0000000c   Code   RO         6324    i.USBD_CDC_GetHSCfgDesc  usbd_cdc.o
    0x08005088   0x0000000c   Code   RO         6325    i.USBD_CDC_GetOtherSpeedCfgDesc  usbd_cdc.o
    0x08005094   0x00000088   Code   RO         6326    i.USBD_CDC_Init     usbd_cdc.o
    0x0800511c   0x00000028   Code   RO         6327    i.USBD_CDC_ReceivePacket  usbd_cdc.o
    0x08005144   0x00000010   Code   RO         6328    i.USBD_CDC_RegisterInterface  usbd_cdc.o
    0x08005154   0x0000000c   Code   RO         6329    i.USBD_CDC_SetRxBuffer  usbd_cdc.o
    0x08005160   0x00000010   Code   RO         6330    i.USBD_CDC_SetTxBuffer  usbd_cdc.o
    0x08005170   0x00000070   Code   RO         6331    i.USBD_CDC_Setup    usbd_cdc.o
    0x080051e0   0x00000030   Code   RO         6332    i.USBD_CDC_TransmitPacket  usbd_cdc.o
    0x08005210   0x0000000e   Code   RO         6424    i.USBD_ClrClassConfig  usbd_core.o
    0x0800521e   0x00000010   Code   RO         6562    i.USBD_CtlContinueRx  usbd_ioreq.o
    0x0800522e   0x00000010   Code   RO         6563    i.USBD_CtlContinueSendData  usbd_ioreq.o
    0x0800523e   0x00000016   Code   RO         6622    i.USBD_CtlError     usbd_ctlreq.o
    0x08005254   0x0000001e   Code   RO         6564    i.USBD_CtlPrepareRx  usbd_ioreq.o
    0x08005272   0x00000016   Code   RO         6565    i.USBD_CtlReceiveStatus  usbd_ioreq.o
    0x08005288   0x0000001a   Code   RO         6566    i.USBD_CtlSendData  usbd_ioreq.o
    0x080052a2   0x00000016   Code   RO         6567    i.USBD_CtlSendStatus  usbd_ioreq.o
    0x080052b8   0x00000020   Code   RO          494    i.USBD_FS_ConfigStrDescriptor  usbd_desc.o
    0x080052d8   0x0000000c   Code   RO          495    i.USBD_FS_DeviceDescriptor  usbd_desc.o
    0x080052e4   0x00000024   Code   RO          496    i.USBD_FS_InterfaceStrDescriptor  usbd_desc.o
    0x08005308   0x0000000c   Code   RO          497    i.USBD_FS_LangIDStrDescriptor  usbd_desc.o
    0x08005314   0x00000028   Code   RO          498    i.USBD_FS_ManufacturerStrDescriptor  usbd_desc.o
    0x0800533c   0x0000002c   Code   RO          499    i.USBD_FS_ProductStrDescriptor  usbd_desc.o
    0x08005368   0x00000024   Code   RO          500    i.USBD_FS_SerialStrDescriptor  usbd_desc.o
    0x0800538c   0x000000e0   Code   RO         6623    i.USBD_GetDescriptor  usbd_ctlreq.o
    0x0800546c   0x00000046   Code   RO         6624    i.USBD_GetString    usbd_ctlreq.o
    0x080054b2   0x0000002a   Code   RO         6426    i.USBD_Init         usbd_core.o
    0x080054dc   0x00000020   Code   RO          767    i.USBD_LL_ClearStallEP  usbd_conf.o
    0x080054fc   0x00000020   Code   RO          768    i.USBD_LL_CloseEP   usbd_conf.o
    0x0800551c   0x000000aa   Code   RO         6427    i.USBD_LL_DataInStage  usbd_core.o
    0x080055c6   0x0000006a   Code   RO         6428    i.USBD_LL_DataOutStage  usbd_core.o
    0x08005630   0x00000004   Code   RO         6429    i.USBD_LL_DevConnected  usbd_core.o
    0x08005634   0x00000016   Code   RO         6430    i.USBD_LL_DevDisconnected  usbd_core.o
    0x0800564a   0x00000008   Code   RO          772    i.USBD_LL_GetRxDataSize  usbd_conf.o
    0x08005652   0x00000002   PAD
    0x08005654   0x00000064   Code   RO          773    i.USBD_LL_Init      usbd_conf.o
    0x080056b8   0x00000020   Code   RO          774    i.USBD_LL_IsStallEP  usbd_conf.o
    0x080056d8   0x00000004   Code   RO         6431    i.USBD_LL_IsoINIncomplete  usbd_core.o
    0x080056dc   0x00000004   Code   RO         6432    i.USBD_LL_IsoOUTIncomplete  usbd_core.o
    0x080056e0   0x00000026   Code   RO          775    i.USBD_LL_OpenEP    usbd_conf.o
    0x08005706   0x00000020   Code   RO          776    i.USBD_LL_PrepareReceive  usbd_conf.o
    0x08005726   0x0000003e   Code   RO         6433    i.USBD_LL_Reset     usbd_core.o
    0x08005764   0x0000000c   Code   RO         6434    i.USBD_LL_Resume    usbd_core.o
    0x08005770   0x00000018   Code   RO         6435    i.USBD_LL_SOF       usbd_core.o
    0x08005788   0x00000006   Code   RO         6436    i.USBD_LL_SetSpeed  usbd_core.o
    0x0800578e   0x00000020   Code   RO          777    i.USBD_LL_SetUSBAddress  usbd_conf.o
    0x080057ae   0x0000005a   Code   RO         6437    i.USBD_LL_SetupStage  usbd_core.o
    0x08005808   0x00000020   Code   RO          778    i.USBD_LL_StallEP   usbd_conf.o
    0x08005828   0x00000020   Code   RO          779    i.USBD_LL_Start     usbd_conf.o
    0x08005848   0x00000012   Code   RO         6438    i.USBD_LL_Suspend   usbd_core.o
    0x0800585a   0x00000020   Code   RO          781    i.USBD_LL_Transmit  usbd_conf.o
    0x0800587a   0x00000028   Code   RO         6625    i.USBD_ParseSetupRequest  usbd_ctlreq.o
    0x080058a2   0x00000010   Code   RO         6439    i.USBD_RegisterClass  usbd_core.o
    0x080058b2   0x00000016   Code   RO         6441    i.USBD_SetClassConfig  usbd_core.o
    0x080058c8   0x00000074   Code   RO         6626    i.USBD_SetConfig    usbd_ctlreq.o
    0x0800593c   0x0000000a   Code   RO         6442    i.USBD_Start        usbd_core.o
    0x08005946   0x000000f2   Code   RO         6627    i.USBD_StdDevReq    usbd_ctlreq.o
    0x08005a38   0x000000dc   Code   RO         6628    i.USBD_StdEPReq     usbd_ctlreq.o
    0x08005b14   0x00000034   Code   RO         6629    i.USBD_StdItfReq    usbd_ctlreq.o
    0x08005b48   0x00000080   Code   RO         4209    i.USB_ActivateEndpoint  stm32f4xx_ll_usb.o
    0x08005bc8   0x00000034   Code   RO         4210    i.USB_ActivateSetup  stm32f4xx_ll_usb.o
    0x08005bfc   0x00000064   Code   RO         4212    i.USB_CoreInit      stm32f4xx_ll_usb.o
    0x08005c60   0x00000038   Code   RO         4213    i.USB_CoreReset     stm32f4xx_ll_usb.o
    0x08005c98   0x0000006e   Code   RO         4215    i.USB_DeactivateEndpoint  stm32f4xx_ll_usb.o
    0x08005d06   0x00000018   Code   RO         4216    i.USB_DevConnect    stm32f4xx_ll_usb.o
    0x08005d1e   0x00000018   Code   RO         4217    i.USB_DevDisconnect  stm32f4xx_ll_usb.o
    0x08005d36   0x00000002   PAD
    0x08005d38   0x00000144   Code   RO         4218    i.USB_DevInit       stm32f4xx_ll_usb.o
    0x08005e7c   0x0000000c   Code   RO         4219    i.USB_DisableGlobalInt  stm32f4xx_ll_usb.o
    0x08005e88   0x00000140   Code   RO         4222    i.USB_EP0StartXfer  stm32f4xx_ll_usb.o
    0x08005fc8   0x0000003e   Code   RO         4223    i.USB_EP0_OutStart  stm32f4xx_ll_usb.o
    0x08006006   0x00000064   Code   RO         4224    i.USB_EPClearStall  stm32f4xx_ll_usb.o
    0x0800606a   0x0000005e   Code   RO         4225    i.USB_EPSetStall    stm32f4xx_ll_usb.o
    0x080060c8   0x0000021c   Code   RO         4226    i.USB_EPStartXfer   stm32f4xx_ll_usb.o
    0x080062e4   0x0000000c   Code   RO         4227    i.USB_EnableGlobalInt  stm32f4xx_ll_usb.o
    0x080062f0   0x00000020   Code   RO         4228    i.USB_FlushRxFifo   stm32f4xx_ll_usb.o
    0x08006310   0x00000024   Code   RO         4229    i.USB_FlushTxFifo   stm32f4xx_ll_usb.o
    0x08006334   0x0000003c   Code   RO         4231    i.USB_GetDevSpeed   stm32f4xx_ll_usb.o
    0x08006370   0x00000008   Code   RO         4233    i.USB_GetMode       stm32f4xx_ll_usb.o
    0x08006378   0x0000000e   Code   RO         4240    i.USB_ReadDevAllInEpInterrupt  stm32f4xx_ll_usb.o
    0x08006386   0x0000000e   Code   RO         4241    i.USB_ReadDevAllOutEpInterrupt  stm32f4xx_ll_usb.o
    0x08006394   0x0000001e   Code   RO         4242    i.USB_ReadDevInEPInterrupt  stm32f4xx_ll_usb.o
    0x080063b2   0x00000010   Code   RO         4243    i.USB_ReadDevOutEPInterrupt  stm32f4xx_ll_usb.o
    0x080063c2   0x00000008   Code   RO         4244    i.USB_ReadInterrupts  stm32f4xx_ll_usb.o
    0x080063ca   0x00000020   Code   RO         4245    i.USB_ReadPacket    stm32f4xx_ll_usb.o
    0x080063ea   0x0000002c   Code   RO         4247    i.USB_SetCurrentMode  stm32f4xx_ll_usb.o
    0x08006416   0x00000022   Code   RO         4248    i.USB_SetDevAddress  stm32f4xx_ll_usb.o
    0x08006438   0x00000028   Code   RO         4252    i.USB_WritePacket   stm32f4xx_ll_usb.o
    0x08006460   0x00000002   Code   RO           38    i.UsageFault_Handler  stm32f4xx_it.o
    0x08006462   0x00000002   PAD
    0x08006464   0x00000024   Code   RO         1426    i._Z11CDC_Init_FSv  usbd_cdc_if.o
    0x08006488   0x00000004   Code   RO         1427    i._Z13CDC_DeInit_FSv  usbd_cdc_if.o
    0x0800648c   0x00000004   Code   RO         1428    i._Z14CDC_Control_FShPht  usbd_cdc_if.o
    0x08006490   0x0000002c   Code   RO         1429    i._Z14CDC_Receive_FSPhPj  usbd_cdc_if.o
    0x080064bc   0x000000a0   Code   RO         1065    i._Z18SystemClock_Configv  main.o
    0x0800655c   0x00000002   Code   RO         2612    i._ZN10Controller7ControlEv  controller.o
    0x0800655e   0x00000002   PAD
    0x08006560   0x0000000c   Code   RO         2135    i._ZN10SpinnMotor12Get_SetedRPMEv  motor.o
    0x0800656c   0x0000000c   Code   RO         2136    i._ZN10SpinnMotor3RunEv  motor.o
    0x08006578   0x0000000c   Code   RO         2137    i._ZN10SpinnMotor4StopEv  motor.o
    0x08006584   0x0000000c   Code   RO         2138    i._ZN10SpinnMotor7Get_RPMEv  motor.o
    0x08006590   0x00000010   Code   RO         2139    i._ZN10SpinnMotor7Set_RPMEs  motor.o
    0x080065a0   0x00000038   Code   RO         2140    i._ZN13MotorsNetwork10Toggle_LEDEh  motor.o
    0x080065d8   0x00000054   Code   RO         2142    i._ZN13MotorsNetwork13Receive_EndedEP18UART_HandleTypeDef  motor.o
    0x0800662c   0x00000034   Code   RO         2143    i._ZN13MotorsNetwork14Transmit_EndedEP18UART_HandleTypeDef  motor.o
    0x08006660   0x00000010   Code   RO         2144    i._ZN13MotorsNetwork3RunEh  motor.o
    0x08006670   0x00000058   Code   RO         2145    i._ZN13MotorsNetwork4InitEP18UART_HandleTypeDefS1_S1_S1_S1_  motor.o
    0x080066c8   0x00000010   Code   RO         2146    i._ZN13MotorsNetwork4StopEh  motor.o
    0x080066d8   0x00000010   Code   RO         2148    i._ZN13MotorsNetwork7Set_RPMEhs  motor.o
    0x080066e8   0x00000050   Code   RO         2149    i._ZN13MotorsNetwork9Send_DataEh  motor.o
    0x08006738   0x0000000c   Code   RO         2150    i._ZN13RearLeftMotor12Get_SetedRPMEv  motor.o
    0x08006744   0x0000000c   Code   RO         2151    i._ZN13RearLeftMotor3RunEv  motor.o
    0x08006750   0x0000000c   Code   RO         2152    i._ZN13RearLeftMotor4StopEv  motor.o
    0x0800675c   0x0000000c   Code   RO         2153    i._ZN13RearLeftMotor7Get_RPMEv  motor.o
    0x08006768   0x00000010   Code   RO         2154    i._ZN13RearLeftMotor7Set_RPMEs  motor.o
    0x08006778   0x0000000c   Code   RO         2155    i._ZN14FrontLeftMotor12Get_SetedRPMEv  motor.o
    0x08006784   0x0000000c   Code   RO         2156    i._ZN14FrontLeftMotor3RunEv  motor.o
    0x08006790   0x0000000c   Code   RO         2157    i._ZN14FrontLeftMotor4StopEv  motor.o
    0x0800679c   0x0000000c   Code   RO         2158    i._ZN14FrontLeftMotor7Get_RPMEv  motor.o
    0x080067a8   0x00000010   Code   RO         2159    i._ZN14FrontLeftMotor7Set_RPMEs  motor.o
    0x080067b8   0x0000000c   Code   RO         2160    i._ZN14RearRightMotor12Get_SetedRPMEv  motor.o
    0x080067c4   0x0000000c   Code   RO         2161    i._ZN14RearRightMotor3RunEv  motor.o
    0x080067d0   0x0000000c   Code   RO         2162    i._ZN14RearRightMotor4StopEv  motor.o
    0x080067dc   0x0000000c   Code   RO         2163    i._ZN14RearRightMotor7Get_RPMEv  motor.o
    0x080067e8   0x00000010   Code   RO         2164    i._ZN14RearRightMotor7Set_RPMEs  motor.o
    0x080067f8   0x0000000c   Code   RO         2165    i._ZN15FrontRightMotor12Get_SetedRPMEv  motor.o
    0x08006804   0x0000000c   Code   RO         2166    i._ZN15FrontRightMotor3RunEv  motor.o
    0x08006810   0x0000000c   Code   RO         2167    i._ZN15FrontRightMotor4StopEv  motor.o
    0x0800681c   0x0000000c   Code   RO         2168    i._ZN15FrontRightMotor7Get_RPMEv  motor.o
    0x08006828   0x00000010   Code   RO         2169    i._ZN15FrontRightMotor7Set_RPMEs  motor.o
    0x08006838   0x00000024   Code   RO         2474    i._ZN3IMU10Get_Raw_WrEv  imu.o
    0x0800685c   0x00000040   Code   RO         2477    i._ZN3IMU12Set_X_OffsetEf  imu.o
    0x0800689c   0x00000014   Code   RO         2478    i._ZN3IMU12Set_Y_OffsetEf  imu.o
    0x080068b0   0x0000004c   Code   RO         2480    i._ZN3IMU13Read_FinishedEP17I2C_HandleTypeDef  imu.o
    0x080068fc   0x0000000c   Code   RO         2481    i._ZN3IMU14Get_X_VelocityEv  imu.o
    0x08006908   0x0000000c   Code   RO         2482    i._ZN3IMU14Get_Y_VelocityEv  imu.o
    0x08006914   0x00000034   Code   RO         2483    i._ZN3IMU14Mem_Write_ByteEhh  imu.o
    0x08006948   0x00000020   Code   RO         2484    i._ZN3IMU15Is_Device_ReadyEv  imu.o
    0x08006968   0x0000003c   Code   RO         2485    i._ZN3IMU18Get_X_AccelerationEv  imu.o
    0x080069a4   0x0000003c   Code   RO         2486    i._ZN3IMU18Get_Y_AccelerationEv  imu.o
    0x080069e0   0x00000024   Code   RO         2487    i._ZN3IMU22Get_Raw_X_AccelerationEv  imu.o
    0x08006a04   0x00000024   Code   RO         2488    i._ZN3IMU22Get_Raw_Y_AccelerationEv  imu.o
    0x08006a28   0x000000c4   Code   RO         2489    i._ZN3IMU4InitEP17I2C_HandleTypeDef  imu.o
    0x08006aec   0x00000024   Code   RO         2490    i._ZN3IMU5ClearEv   imu.o
    0x08006b10   0x00000074   Code   RO         2492    i._ZN3IMU9CalculateEv  imu.o
    0x08006b84   0x00000032   Code   RO         1636    i._ZN3NRF10get_StatusEv  nrf24l01.o
    0x08006bb6   0x0000007a   Code   RO         1637    i._ZN3NRF10init_miladEcccPcccc  nrf24l01.o
    0x08006c30   0x0000004a   Code   RO         1638    i._ZN3NRF10readRegBufEcPci  nrf24l01.o
    0x08006c7a   0x0000000a   Code   RO         1639    i._ZN3NRF11read_RX_BufEPci  nrf24l01.o
    0x08006c84   0x0000004c   Code   RO         1640    i._ZN3NRF11set_RX_PipeEcPcic  nrf24l01.o
    0x08006cd0   0x0000004a   Code   RO         1641    i._ZN3NRF11writeRegBufEcPci  nrf24l01.o
    0x08006d1a   0x0000000a   Code   RO         1642    i._ZN3NRF12write_TX_BufEPci  nrf24l01.o
    0x08006d24   0x0000001c   Code   RO         1643    i._ZN3NRF14set_ShockBurstEc  nrf24l01.o
    0x08006d40   0x0000000a   Code   RO         1644    i._ZN3NRF14set_TX_AddressEPci  nrf24l01.o
    0x08006d4a   0x00000008   Code   RO         1646    i._ZN3NRF16clear_InterruptsEv  nrf24l01.o
    0x08006d52   0x00000008   Code   RO         1648    i._ZN3NRF17set_Address_WidthEc  nrf24l01.o
    0x08006d5a   0x0000001c   Code   RO         1652    i._ZN3NRF5SPI_LEc   nrf24l01.o
    0x08006d76   0x0000000a   Code   RO         1654    i._ZN3NRF6set_CHEc  nrf24l01.o
    0x08006d80   0x00000034   Code   RO         1655    i._ZN3NRF7readRegEc  nrf24l01.o
    0x08006db4   0x00000028   Code   RO         1657    i._ZN3NRF8flush_RXEv  nrf24l01.o
    0x08006ddc   0x00000028   Code   RO         1658    i._ZN3NRF8flush_TXEv  nrf24l01.o
    0x08006e04   0x00000036   Code   RO         1659    i._ZN3NRF8writeRegEcc  nrf24l01.o
    0x08006e3a   0x00000022   Code   RO         1660    i._ZN3NRF9clear_AllEv  nrf24l01.o
    0x08006e5c   0x00000048   Code   RO         1348    i._ZN3USB3LogEPKcz  usb.o
    0x08006ea4   0x00000030   Code   RO         1349    i._ZN3USB4InitEv    usb.o
    0x08006ed4   0x0000003c   Code   RO         1351    i._ZN3USB5PrintEPKcz  usb.o
    0x08006f10   0x00000030   Code   RO         1352    i._ZN3USB6ListenEPhPj  usb.o
    0x08006f40   0x00000014   Code   RO         1904    i._ZN4Time11Time_PassedEP17TIM_HandleTypeDef  time.o
    0x08006f54   0x00000044   Code   RO         1907    i._ZN4Time4InitEP17TIM_HandleTypeDefS1_  time.o
    0x08006f98   0x0000004c   Code   RO         1908    i._ZN4Time8Get_TimeEv  time.o
    0x08006fe4   0x00000078   Code   RO         1567    i._ZN5Error7HappendE9ErrorModePc  error.o
    0x0800705c   0x00000040   Code   RO         1483    i._ZN5Power18Is_Voltage_CorrectEv  power.o
    0x0800709c   0x00000064   Code   RO         1484    i._ZN5Power4InitEP17ADC_HandleTypeDef  power.o
    0x08007100   0x0000006c   Code   RO         1485    i._ZN5Power6UpdateEv  power.o
    0x0800716c   0x00000084   Code   RO         1534    i._ZN6Buzzer4WaveEff  buzzer.o
    0x080071f0   0x00000020   Code   RO         1535    i._ZN6Buzzer9Set_StateEb  buzzer.o
    0x08007210   0x000000ac   Code   RO         2020    i._ZN6Logger3LogEPc  logger.o
    0x080072bc   0x00000028   Code   RO         2049    i._ZN6Memory10Free_WheelEv  memory.o
    0x080072e4   0x00000074   Code   RO         2050    i._ZN6Memory15Set_IMU_OffsetsEv  memory.o
    0x08007358   0x000000fc   Code   RO         2051    i._ZN6Memory18Update_Vision_DataEv  memory.o
    0x08007454   0x0000001c   Code   RO         2052    i._ZN6Memory19Clear_Wireless_DataEv  memory.o
    0x08007470   0x00000064   Code   RO         2053    i._ZN6Memory19Update_Order_StructEv  memory.o
    0x080074d4   0x00000014   Code   RO         2054    i._ZN6Memory22Update_Response_StructEv  memory.o
    0x080074e8   0x00000040   Code   RO         2055    i._ZN6Memory4InitEv  memory.o
    0x08007528   0x0000001e   Code   RO         2056    i._ZN6Memory6UpdateEv  memory.o
    0x08007546   0x00000002   PAD
    0x08007548   0x00000018   Code   RO         2377    i._ZN8DebugPCB10Get_HeaderEv  debugpcb.o
    0x08007560   0x00000038   Code   RO         2378    i._ZN8DebugPCB10Parse_DataEv  debugpcb.o
    0x08007598   0x0000004c   Code   RO         2379    i._ZN8DebugPCB12Parse_HeaderEv  debugpcb.o
    0x080075e4   0x00000038   Code   RO         2380    i._ZN8DebugPCB13Receive_EndedEP17I2C_HandleTypeDef  debugpcb.o
    0x0800761c   0x00000028   Code   RO         2381    i._ZN8DebugPCB14Transmit_EndedEP17I2C_HandleTypeDef  debugpcb.o
    0x08007644   0x00000034   Code   RO         2382    i._ZN8DebugPCB4InitEP17I2C_HandleTypeDef  debugpcb.o
    0x08007678   0x000000cc   Code   RO         2383    i._ZN8DebugPCB7Get_VarE25DebugPCBVariableAddresses  debugpcb.o
    0x08007744   0x00000050   Code   RO         2384    i._ZN8DebugPCB7Set_VarE25DebugPCBVariableAddressess  debugpcb.o
    0x08007794   0x000000f8   Code   RO         2385    i._ZN8DebugPCB8Do_OrderE22DebugPCBOrderAddresses  debugpcb.o
    0x0800788c   0x00000018   Code   RO         2386    i._ZN8DebugPCB8Get_DataEv  debugpcb.o
    0x080078a4   0x00000048   Code   RO         2387    i._ZN8DebugPCB9Send_DataEv  debugpcb.o
    0x080078ec   0x0000003c   Code   RO         1962    i._ZN8Debugger3LogEPKcz  debugger.o
    0x08007928   0x0000002c   Code   RO         1963    i._ZN8Debugger4InitEv  debugger.o
    0x08007954   0x00000058   Code   RO         1964    i._ZN8Debugger4putsEPcj  debugger.o
    0x080079ac   0x00000030   Code   RO         1966    i._ZN8Debugger5PrintEPKcz  debugger.o
    0x080079dc   0x00000014   Code   RO         1599    i._ZN8Settings7Get_RIDEv  settings.o
    0x080079f0   0x0000004c   Code   RO         1600    i._ZN8Settings8Read_RIDEv  settings.o
    0x08007a3c   0x00000018   Code   RO         1813    i._ZN8Wireless14NRF_Data_ReadyEv  wireless.o
    0x08007a54   0x00000028   Code   RO         1814    i._ZN8Wireless15NRF_Read_BufferEPc  wireless.o
    0x08007a7c   0x00000094   Code   RO         1815    i._ZN8Wireless15NRF_Set_AddressEv  wireless.o
    0x08007b10   0x00000068   Code   RO         1816    i._ZN8Wireless15NRF_TransmitionEb  wireless.o
    0x08007b78   0x000000d0   Code   RO         1817    i._ZN8Wireless16NRF_Data_ArrivedEv  wireless.o
    0x08007c48   0x0000002c   Code   RO         1818    i._ZN8Wireless16NRF_Write_BufferEPc  wireless.o
    0x08007c74   0x0000001c   Code   RO         1819    i._ZN8Wireless4InitEP19__SPI_HandleTypeDef  wireless.o
    0x08007c90   0x0000000c   Code   RO         1820    i._ZN8Wireless6NRF_ONEv  wireless.o
    0x08007c9c   0x0000000c   Code   RO         1821    i._ZN8Wireless7NRF_OFFEv  wireless.o
    0x08007ca8   0x000000f4   Code   RO         1822    i._ZN8Wireless8NRF_InitEP19__SPI_HandleTypeDef  wireless.o
    0x08007d9c   0x00000028   Code   RO         6995    i.__0sprintf        mc_w.l(printfa.o)
    0x08007dc4   0x00000024   Code   RO         6999    i.__0vsprintf       mc_w.l(printfa.o)
    0x08007de8   0x00000026   Code   RO         7057    i.__ARM_fpclassifyf  m_wm.l(fpclassifyf.o)
    0x08007e0e   0x00000002   PAD
    0x08007e10   0x00000150   Code   RO         6729    i.__hardfp_cosf     m_wm.l(cosf.o)
    0x08007f60   0x00000190   Code   RO         6741    i.__hardfp_sinf     m_wm.l(sinf.o)
    0x080080f0   0x00000006   Code   RO         7060    i.__mathlib_flt_infnan  m_wm.l(funder.o)
    0x080080f6   0x00000002   PAD
    0x080080f8   0x00000010   Code   RO         7062    i.__mathlib_flt_invalid  m_wm.l(funder.o)
    0x08008108   0x00000010   Code   RO         7065    i.__mathlib_flt_underflow  m_wm.l(funder.o)
    0x08008118   0x00000154   Code   RO         7073    i.__mathlib_rredf2  m_wm.l(rredf.o)
    0x0800826c   0x0000000e   Code   RO         7131    i.__scatterload_copy  mc_w.l(handlers.o)
    0x0800827a   0x00000002   Code   RO         7132    i.__scatterload_null  mc_w.l(handlers.o)
    0x0800827c   0x0000000e   Code   RO         7133    i.__scatterload_zeroinit  mc_w.l(handlers.o)
    0x0800828a   0x00000002   PAD
    0x0800828c   0x0000000c   Code   RO         7101    i.__set_errno       mc_w.l(errno.o)
    0x08008298   0x00000184   Code   RO         7000    i._fp_digits        mc_w.l(printfa.o)
    0x0800841c   0x000006dc   Code   RO         7001    i._printf_core      mc_w.l(printfa.o)
    0x08008af8   0x00000024   Code   RO         7002    i._printf_post_padding  mc_w.l(printfa.o)
    0x08008b1c   0x0000002e   Code   RO         7003    i._printf_pre_padding  mc_w.l(printfa.o)
    0x08008b4a   0x0000000a   Code   RO         7005    i._sputc            mc_w.l(printfa.o)
    0x08008b54   0x00000050   Code   RO         7021    i.free              mc_w.l(malloc.o)
    0x08008ba4   0x0000023c   Code   RO         1066    i.main              main.o
    0x08008de0   0x0000006c   Code   RO         7022    i.malloc            mc_w.l(malloc.o)
    0x08008e4c   0x00000001   Data   RO         1603    .constdata          settings.o
    0x08008e4d   0x00000001   Data   RO         1605    .constdata          settings.o
    0x08008e4e   0x00000001   Data   RO         1607    .constdata          settings.o
    0x08008e4f   0x00000010   Data   RO         5372    .constdata          stm32f4xx_hal_rcc.o
    0x08008e5f   0x00000001   PAD
    0x08008e60   0x00000020   Data   RO         7074    .constdata          m_wm.l(rredf.o)
    0x08008e80   0x00000020   Data   RO         7129    Region$$Table       anon$$obj.o


    Execution Region RW_IRAM1 (Base: 0x20000000, Size: 0x00002c48, Max: 0x00020000, ABSOLUTE, COMPRESSED[0x000000d8])

    Base Addr    Size         Type   Attr      Idx    E Section Name        Object

    0x20000000   0x0000001c   Data   RW          502    .data               usbd_desc.o
    0x2000001c   0x00000016   Data   RW          503    .data               usbd_desc.o
    0x20000032   0x00000002   PAD
    0x20000034   0x00000014   Data   RW         1077    .data               main.o
    0x20000048   0x00000008   Data   RW         1359    .data               usb.o
    0x20000050   0x00000010   Data   RW         1435    .data               usbd_cdc_if.o
    0x20000060   0x00000009   Data   RW         1436    .data               usbd_cdc_if.o
    0x20000069   0x00000002   Data   RW         1492    .data               power.o
    0x2000006b   0x00000001   PAD
    0x2000006c   0x0000002c   Data   RW         1569    .data               error.o
    0x20000098   0x00000002   Data   RW         1608    .data               settings.o
    0x2000009a   0x00000002   PAD
    0x2000009c   0x0000000c   Data   RW         1834    .data               wireless.o
    0x200000a8   0x00000010   Data   RW         1915    .data               time.o
    0x200000b8   0x00000002   Data   RW         1973    .data               debugger.o
    0x200000ba   0x00000002   PAD
    0x200000bc   0x00000008   Data   RW         2022    .data               logger.o
    0x200000c4   0x00000010   Data   RW         2067    .data               memory.o
    0x200000d4   0x0000000c   Data   RW         2210    .data               motor.o
    0x200000e0   0x00000014   Data   RW         2404    .data               debugpcb.o
    0x200000f4   0x00000024   Data   RW         2516    .data               imu.o
    0x20000118   0x00000004   Data   RW         5668    .data               stm32f4xx_hal.o
    0x2000011c   0x000000db   Data   RW         6333    .data               usbd_cdc.o
    0x200001f7   0x00000001   PAD
    0x200001f8   0x00000038   Data   RW         6334    .data               usbd_cdc.o
    0x20000230   0x00000001   Data   RW         6630    .data               usbd_ctlreq.o
    0x20000231   0x00000003   PAD
    0x20000234   0x00000004   Data   RW         6698    .data               system_stm32f4xx.o
    0x20000238   0x00000004   Data   RW         7097    .data               mc_w.l(mvars.o)
    0x2000023c   0x00000004   Data   RW         7098    .data               mc_w.l(mvars.o)
    0x20000240   0x00000004   Data   RW         7102    .data               mc_w.l(errno.o)
    0x20000244   0x00000180   Zero   RW          364    .bss                usart.o
    0x200003c4   0x00000224   Zero   RW          432    .bss                usb_device.o
    0x200005e8   0x00000200   Zero   RW          501    .bss                usbd_desc.o
    0x200007e8   0x00000048   Zero   RW          589    .bss                adc.o
    0x20000830   0x00000348   Zero   RW          645    .bss                tim.o
    0x20000b78   0x000003f0   Zero   RW          782    .bss                usbd_conf.o
    0x20000f68   0x00000058   Zero   RW          946    .bss                spi.o
    0x20000fc0   0x000000a8   Zero   RW          989    .bss                i2c.o
    0x20001068   0x00000200   Zero   RW         1358    .bss                usb.o
    0x20001268   0x00000014   Zero   RW         1833    .bss                wireless.o
    0x2000127c   0x00000100   Zero   RW         1972    .bss                debugger.o
    0x2000137c   0x00000078   Zero   RW         2065    .bss                memory.o
    0x200013f4   0x00000050   Zero   RW         2207    .bss                motor.o
    0x20001444   0x00000004   PAD
    0x20001448   0x00000600   Zero   RW         6685    HEAP                startup_stm32f407xx.o
    0x20001a48   0x00001200   Zero   RW         6684    STACK               startup_stm32f407xx.o


==============================================================================

Image component sizes


      Code (inc. data)   RO Data    RW Data    ZI Data      Debug   Object Name

       156         26          0          0         72       1633   adc.o
       164         24          0          0          0       1632   buzzer.o
         2          0          0          0          0        744   controller.o
       240         58          0          2        256      29847   debugger.o
       932        176          0         20          0       9516   debugpcb.o
       120         20          0         44          0       1680   error.o
       560         32          0          0          0       1235   gpio.o
       308         52          0          0        168       2294   i2c.o
       844        202          0         36          0       9944   imu.o
       172         54          0          8          0       1180   logger.o
       866        192          0         20          0     720999   main.o
       650         78          0         16        120       7156   memory.o
       728        194          0         12         80      16964   motor.o
       728          0          0          0          0      13428   nrf24l01.o
       272         86          0          2          0       3424   power.o
        96         12          3          2          0       1328   settings.o
       160         20          0          0         88       1649   spi.o
        36          8        392          0       6144        812   startup_stm32f407xx.o
       142         22          0          4          0       4463   stm32f4xx_hal.o
      1140         36          0          0          0       5829   stm32f4xx_hal_adc.o
       228         14          0          0          0      32221   stm32f4xx_hal_cortex.o
        36          0          0          0          0       1243   stm32f4xx_hal_dma.o
       484         50          0          0          0       4467   stm32f4xx_hal_gpio.o
      4476         86          0          0          0      27967   stm32f4xx_hal_i2c.o
       104          0          0          0          0        538   stm32f4xx_hal_msp.o
      1954          0          0          0          0      11389   stm32f4xx_hal_pcd.o
        76          0          0          0          0       1876   stm32f4xx_hal_pcd_ex.o
        30          6          0          0          0       1127   stm32f4xx_hal_pwr.o
      1388         76         16          0          0       6015   stm32f4xx_hal_rcc.o
      1012          4          0          0          0       6730   stm32f4xx_hal_spi.o
      1010         44          0          0          0      10604   stm32f4xx_hal_tim.o
        84          0          0          0          0       2446   stm32f4xx_hal_tim_ex.o
      1472         14          0          0          0       8020   stm32f4xx_hal_uart.o
       416        156          0          0          0     728669   stm32f4xx_it.o
      2326         52          0          0          0      20472   stm32f4xx_ll_usb.o
        84         18          0          4          0       1183   system_stm32f4xx.o
      1548        176          0          0        840      10041   tim.o
       164         42          0         16          0       2616   time.o
       840        130          0          0        384       4967   usart.o
       228         66          0          8        512       5271   usb.o
        56         18          0          0        548       5108   usb_device.o
       590         22          0        275          0      13278   usbd_cdc.o
       132         26          0         25          0       3496   usbd_cdc_if.o
       682         18          0          0       1008      14698   usbd_conf.o
       626          0          0          0          0      12170   usbd_core.o
       986         30          0          1          0       8076   usbd_ctlreq.o
       212        116          0         50        512       5223   usbd_desc.o
       132          0          0          0          0       4572   usbd_ioreq.o
       864        180          0         12         20       8356   wireless.o

    ----------------------------------------------------------------------
     30620       2636        444        568      10756    1798596   Object Totals
         0          0         32          0          0          0   (incl. Generated)
        64          0          1         11          4          0   (incl. Padding)

    ----------------------------------------------------------------------

      Code (inc. data)   RO Data    RW Data    ZI Data      Debug   Library Member Name

       336         56          0          0          0        136   cosf.o
        38          0          0          0          0        116   fpclassifyf.o
        38         12          0          0          0        348   funder.o
       340         24         32          0          0        160   rredf.o
       400         56          0          0          0        212   sinf.o
        86          0          0          0          0          0   __dczerorl2.o
         0          0          0          0          0          0   entry.o
         0          0          0          0          0          0   entry10a.o
         0          0          0          0          0          0   entry11a.o
         8          4          0          0          0          0   entry2.o
         4          0          0          0          0          0   entry5.o
         0          0          0          0          0          0   entry7b.o
         0          0          0          0          0          0   entry8b.o
         8          4          0          0          0          0   entry9a.o
        12          6          0          4          0         68   errno.o
        30          0          0          0          0          0   handlers.o
        36          8          0          0          0         68   init.o
         0          0          0          0          0          0   iusefp.o
        30          0          0          0          0         68   llshl.o
        36          0          0          0          0         68   llsshr.o
        32          0          0          0          0         68   llushr.o
       188         20          0          0          0        160   malloc.o
        36          0          0          0          0         68   memcpya.o
         0          0          0          8          0          0   mvars.o
      2312         92          0          0          0        600   printfa.o
        44          0          0          0          0         80   uidiv.o
        98          0          0          0          0         92   uldiv.o
        48          0          0          0          0         68   cdrcmple.o
        56          0          0          0          0         88   d2f.o
       334          0          0          0          0        148   dadd.o
       222          0          0          0          0        100   ddiv.o
       186          0          0          0          0        176   depilogue.o
        48          0          0          0          0         68   dfixul.o
        26          0          0          0          0         76   dfltui.o
       228          0          0          0          0         96   dmul.o
        38          0          0          0          0         68   f2d.o
       110          0          0          0          0        168   fepilogue.o

    ----------------------------------------------------------------------
      5416        282         32         12          0       3368   Library Totals
         8          0          0          0          0          0   (incl. Padding)

    ----------------------------------------------------------------------

      Code (inc. data)   RO Data    RW Data    ZI Data      Debug   Library Name

      1152        148         32          0          0        972   m_wm.l
      2960        134          0         12          0       1340   mc_w.l
      1296          0          0          0          0       1056   mf_w.l

    ----------------------------------------------------------------------
      5416        282         32         12          0       3368   Library Totals

    ----------------------------------------------------------------------

==============================================================================


      Code (inc. data)   RO Data    RW Data    ZI Data      Debug   

     36036       2918        476        580      10756    1760000   Grand Totals
     36036       2918        476        216      10756    1760000   ELF Image Totals (compressed)
     36036       2918        476        216          0          0   ROM Totals

==============================================================================

    Total RO  Size (Code + RO Data)                36512 (  35.66kB)
    Total RW  Size (RW Data + ZI Data)             11336 (  11.07kB)
    Total ROM Size (Code + RO Data + RW Data)      36728 (  35.87kB)

==============================================================================

